<!DOCTYPE html>
<!--!DOCTYPE html PUBLIC "-//W3C//DTD XHTML 1.0 Transitional//EN" "http://www.w3.org/TR/xhtml1/DTD/xhtml1-transitional.dtd"-->
<html xmlns="http://www.w3.org/1999/xhtml" xml:lang="ru" lang="ru">
<head> 
    <title>Главная</title> 
    <base href="http://anemone.su/" />
    <meta name="description" content="" />
    <meta name="keywords" content="" />
    <meta http-equiv="Content-Type" content="text/html;" charset="UTF-8" />
	<meta http-equiv="Content-Style-Type" content="text/css" />
    
    <!-- Add Libraries API -->
    <script type="text/javascript" src="http://ajax.googleapis.com/ajax/libs/jquery/2.0.3/jquery.min.js"></script>
    <script type="text/javascript" src="https://ajax.googleapis.com/ajax/libs/jqueryui/1.10.3/jquery-ui.min.js"></script>
	<link href="http://ajax.googleapis.com/ajax/libs/jqueryui/1.8/themes/ui-lightness/jquery-ui.css" rel="stylesheet" type="text/css"/>
    <!-- /Add Libraries API -->
    
    <!-- Start pack -->
    <link rel="stylesheet" type="text/css" href="assets/templates/bt/css/layout.css" />
    <link rel="stylesheet" type="text/css" href="assets/templates/bt/css/style.css" />
    <link rel="stylesheet" type="text/css" href="assets/templates/bt/css/menu.css" />
	
    <script type="text/javascript" src="assets/templates/bt/js/jquery.wookmark.min.js"></script>
    <script type="text/javascript" src="assets/templates/bt/js/default.js"></script>
    <script type="text/javascript" src="assets/templates/bt/js/init.js"></script>
	
	<!-- fancybox -->
    <link rel="stylesheet" type="text/css" href="assets/templates/bt/js/fancybox-2/source/jquery.fancybox.css" />
    <script type="text/javascript" src="assets/templates/bt/js/fancybox-2/source/jquery.fancybox.pack.js"></script>
	
	<!-- bxslider -->
	<link rel="stylesheet" type="text/css" href="assets/templates/bt/js/jquery.bxslider/jquery.bxslider.css"/>
	<script type="text/javascript" src="assets/templates/bt/js/jquery.bxslider/jquery.bxslider.min.js"></script>
	
    <!-- /Start pack -->
</head>
<body id="id1" class="tid1">
	<div id="wrapper_all">
		<div id="wrapper_header">
			<div class="wrapper"><div id="header">
	<div class="logo" >
		<a href="http://anemone.su/" title="На главную">
			<img src="assets/images/logo.png" alt="Anemone.su" />
			<div class="logo_text">Мы разрабатываем - <br />Вы зарабатываете!</div>
		</a>
	</div>
	<div id="mainmenu" class="horiz_menu">
    <table border="1"><tr><td class="first" id="res2"><a class="first" href="portfolio/">Портфолио</a></td>
<td id="res3"><a href="razrabotka-saitov.html">Разработка сайтов</a></td>
<td id="res4"><a href="prodvizhenie-saitov.html">Продвижение сайтов</a></td>
<td class="last" id="res38"><a class="last" href="kontakty.html">Контакты</a></td>
</tr></table>
</div>
	<div class="contact">
		<div class="phone"><img src="/assets/images/phone.png" /><span class="blue"> (812) </span>946-14-46, 251-28-70</div>
		<div class="clear"></div>
		<div class="feedback">
			<a class="button big">Заказать обратный звонок</a>
			<form method="post">
				<input class="workemail" type="text" name="workemail" value="" />
				
				<input name="phone" value="" placeholder="Контактный телефон" class="text" />
				<input type="submit" class="submit" value="ОК" />
			<a class="personal_accept" href="soglasie-na-obrabotku-personalnyix-dannyix.html">Нажимая "ОК" вы подтверждаете согласие на обработку своих персональных данных</a>
			</form>
			<script type="text/javascript" src="assets/templates/bt/js/feedback.js"></script>
            
			<div class="thanks">Спасибо, мы свяжемся с Вами, в ближайшее время</div>
		</div>
	</div>
</div></div>
		</div>
		
		
		<div class="slider">
			<li>
<a href="razrabotka-saitov/sait-vizitka.html">
<img src="assets/images/slider_automation.jpg" />
<div class="slide_text">
<h2>Корпоративный сайт</h2>
<p>Удобный и эффективный инструмент для продвижения услуг на рынке. В него входит создание индивидуального дизайна, вёрстка и программирование. В функционал сайта входят: Новости, Форма обратной связи, Фотогалерея и Карта проезда. После создания сайта, он модет размещаться на нашем хостинге в течение года бесплатно. Доменное имя так же входит в комплект услуг и предоставляется на год. </p>
</a>
</div>
</li>
<li>
<a href="sajt-katalog.html">
<img src="assets/images/slider_kartell.jpg" />
<div class="slide_text">
<h2>Сайт-каталог</h2>
<p>Или виртуальная витрина. Предназначен для предоставления ифнормации о товарах в ваших магазинах покупателям. Пользователи могут посмотреть фотографии товаров, узнать о текущих скидках и акциях, которые проводятся в ваших магазинах и многое другое. Для разработки такого продукта мы используем самую качественную системиу управления сайтами UMI.CMS. В неё входит различное количество модулей, что позволяет сделать функционал каталога удобным для как покупателей, так и для тех кто размещает информацию на сайте.</p>
</a>
</div>
</li>
<li>
<a href="internet-magazin.html">
<img src="assets/images/slider_svetodiod.jpg" />
<div class="slide_text">
<h2>Интернет-магазин</h2>
<p>Необходим для продажи товаров через интернет. Интернетявляется сложным продуктом и обладает очень большим функционалом. Управление товарими и ценами, скидки на товары, популярные товары, корзина, личный кабинет пользователя и история заказов. Это лишь не большой перечень опций необходимый для работы магазина. Для создания такого рода проектов мы используем UMI.CMS - в ней есть всё необходимое, как для разработки, так и для дальнейшей работы с сайтом.</p>
</a>
</div>
</li>
<li>
<a >
<img src="./aquarium - копия.jpg" />
<div class="slide_text">
<h2>Корпоративный сайт</h2>
<p>Семейная аквариумная фирма В Санкт-Петербурге. Аquafamily выполняет любые работы - от проектирования аквариумного комплекса до его обслуживания. Cотрудники Аquafamily с огромной любовью относятся к своему делу. Аquafamily вкладывает свои глубокие знания и опыт для исполнения Вашей мечты,  интерьер становиться интереснее! Чистота, красота, индивидуальный дизайн и здоровые рыбки - вот главные правила обслуживания  аквариумов.</p>
</a>
</div>
</li>
<li>
<a >
<img src="./index-восстановлено.jpg" />
<div class="slide_text">
<h2>Корпоративный сайт</h2>
<p> Компания UMF занимается обеспечением топливом (бункером)  клиентов – судовладельцев и операторов судов (у компании их более 30) во всех уголках Европы. Стратегическим регионом является порт Санкт-Петербург и Усть-Луга.Разработанный сайт полностью соответствует солидному имиджу компании, отображает специфику деятельности, а так же  выгодно подчеркивает фирменный стиль компании.</p>
</a>
</div>
</li>
		</div>	
<div class="middle_line">
    <div id="uslugi_wrapper">
        <div class="uslugi">
<h2>Мы предоставляем полный спектр услуг в интернете</h2>
	<div class="usluga">
		<div class="image"><a href="razrabotka-saitov.html"><img src="/assets/images/develop.png" /></a></div>
		<div class="title"><a href="razrabotka-saitov.html">Разработка сайтов</a></div>
		<div class="descr">При создании сайтов мы, в первую очередь, учитываем индивидуальные потребности клиента и его бизнеса.</div>
	</div>
	<div class="usluga">
		<div class="image"><a href="prodvizhenie-saitov.html"><img src="/assets/images/ptomotion.png" /></a></div>
		<div class="title"><a href="prodvizhenie-saitov.html">Продвижение сайтов</a></div>
		<div class="descr">Если сайт у Вас уже есть, но его работа не оправдывает Ваши ожидания – попробуйте воспользоваться нашими услугами по продвижению сайтов.</div>
	</div>
	<div class="usluga">
		<div class="image"><a href="prodvizhenie-saitov.html"><img src="/assets/images/social.png" /></a></div>
		<div class="title"><a href="prodvizhenie-saitov.html">Контекстная реклама</a></div>
		<div class="descr">Контекстная реклама – это одно из наиболее эффективных средств продвижения сайта в интернете, которое мгновенно приводит на веб-ресурс новых посетителей.</div>
	</div>
	<div class="usluga">
		<div class="image"><a href="dizajn/"><img src="/assets/images/design.png" /></a></div>
		<div class="title"><a href="dizajn/">Дизайн</a></div>
		<div class="descr">При создании сайтов мы, в первую очередь, учитываем индивидуальные потребности каждого клиента – выбираем дизайн.</div>
	</div>
<div class="clr"></div>
</div>
        <div class="news">
	<h2>Новости</h2>
    
	<div class="body">
        <div class="el cf">
    <div class="date"><time>16.10.2013</time></div>
	<div class="title">
		<a href="nash-novyij-klient-kompaniya-ooo-svetomontazh.html" class="readmore">Наш новый клиент - компания ООО "Светомонтаж"</a>
	</div>
	<div class="descr">
		Выполняет широкий спектр услуг по электромонтажным работам в Санкт-Петербурге и ЛО
	</div>
</div>
<div class="el cf">
    <div class="date"><time>13.10.2013</time></div>
	<div class="title">
		<a href="mastera-po-izgotovleniyu-izdelij-iz-iskusstvennogo-kamnya.html" class="readmore">Мастера по изготовлению изделий из искусственного камня:</a>
	</div>
	<div class="descr">
		Для тех, кто ищет мастеров по изготовлению изделий из искусственного камня: столешницы из искусственного камня, подоконники из искусственного камня, столы, камины и прочие изделия на заказ.
	</div>
</div>
    </div>
	
	<span class="arhiv">» <a href="novosti.html" title="Перети к списку со свеми новостями" class="arhiv">Посмотреть все новости</a></span>
</div>
    </div>
</div>
<div class="portfolio_line">
    <div id="portfolio_wrapper">
    	<h2>Наши новые работы</h2>
<span class="arhiv">» <a href="portfolio/" title="Просмотреть портфолио">Посмотреть все работы</a></span>
<div class="clr"></div>
<div class="portfolio_elements">
    <div class="el">
	<div class="image"><a href="lovely-style.html"><img src="/assets/components/phpthumbof/cache/lovelystyle_catalog.140930a985a98f2eabce2983025380831.jpg" /></a></div>
    <div class="title"><a href="lovely-style.html">Lovely-style</a></div>
</div>
<div class="el">
	<div class="image"><a href="strojterminal.html"><img src="/assets/components/phpthumbof/cache/main_page_4%20(1).140930a985a98f2eabce2983025380831.jpg" /></a></div>
    <div class="title"><a href="strojterminal.html">Стройтерминал</a></div>
</div>
<div class="el">
	<div class="image"><a href="umf.html"><img src="/assets/components/phpthumbof/cache/420.140930a985a98f2eabce2983025380831.jpg" /></a></div>
    <div class="title"><a href="umf.html">UMF</a></div>
</div>
<div class="el">
	<div class="image"><a href="portfolio/2012/sistemy-umnyi-dom.html"><img src="/assets/components/phpthumbof/cache/340.140930a985a98f2eabce2983025380831.jpg" /></a></div>
    <div class="title"><a href="portfolio/2012/sistemy-umnyi-dom.html">Умный дом</a></div>
</div>
<div class="el">
	<div class="image"><a href="portfolio/2012/ava.html"><img src="/assets/components/phpthumbof/cache/316.140930a985a98f2eabce2983025380831.jpg" /></a></div>
    <div class="title"><a href="portfolio/2012/ava.html">Strozhka</a></div>
</div>
<div class="el">
	<div class="image"><a href="gk-«total».html"><img src="/assets/components/phpthumbof/cache/142.140930a985a98f2eabce2983025380831.jpg" /></a></div>
    <div class="title"><a href="gk-«total».html">ГК «ТОТАЛ»</a></div>
</div>
</div>
    </div>
</div>

<div id="wrapper">
    <div class="wrapper">
        <div id="middle" class="cf">
        	<div class="left">
            	<div class="vacancy">
<h2>Вакансии</h2>

<div class="descr">В данный момент открытых вакансий нет, но если вы хотите работать в области WEB-разработки, то пишите нам на info@anemone.su - Будем дружить ^_^</div>
</div>
            </div>
            <div class="pagecontent cf">
                <article><h2>Добро пожаловать!</h2>
<p>Мы не стоим на месте. Все сотрудники нашей веб-студии являются специалистами в своей области, но, тем не менее, они заинтересованы в постоянном совершенствовании своих знаний и навыков.</p>
<p>В нашей работе мы используем все самые современные инструменты для создания проектов, тщательно следим за появлением новых методов и технологий, которые помогут нам работать качественнее.<span style="line-height: 1.5em;">Примером этого может служить используемая нами CMS MODx Revolution для создания сайтов и дальнейшего управления ими. </span></p>
<p><span style="line-height: 1.5em;">У этой системы удобный и интуитивно-понятный интерфейс, с которым Вы обязательно подружитесь. При создании сайтов мы, в первую очередь, учитываем индивидуальные потребности каждого клиента – выбираем дизайн, продумываем функциональный интерфейс – делаем все, для того, чтобы сайт соответствовал своему назначению.</span></p>
<p> </p>
<center>
<h3>+7 (812)946-14-46, +7 (812) 251-28-70</h3>
</center><!-- <p> </p>
<div id="middle">
<div class="clear"> </div>
<div id="content">
<h2>Добро пожаловать!</h2>
<p><img class="float_r" src="http://37.143.10.54/assets/images/ru.png" alt="" height="100" />Если Вы заинтересованы в создании собственного интернет-проекта, но не знаете, с чего начать, мы будем рады Вам помочь. Наша веб-студия занимается созданием и продвижением сайтов, медийной рекламой в сети интернет, веб-дизайном, созданием фирменного стиля, дизайном и разработкой интерфейсов, а также мы всегда открыты для новых идей и направлений деятельности.</p>
<div class="clear"> </div>
<br />
<h3>Прогресс</h3>
<p><img class="float_l" src="http://37.143.10.54/assets/images/img.jpg" alt="" width="250" height="175" />Мы <strong>не стоим на мест</strong>е. Все сотрудники нашей веб-студии являются специалистами в своей области, но, тем не менее, они заинтересованы в постоянном совершенствовании своих знаний и навыков.В нашей работе мы используем все самые современные инструменты для создания проектов, тщательно следим за появлением новых методов и технологий, которые помогут нам работать качественнее.</p>
<p>Примером этого может служить используемая нами CMS <strong>MODx Revolution</strong> для создания сайтов и дальнейшего управления ими. У этой системы удобный и интуитивно-понятный интерфейс, с которым Вы обязательно подружитесь.</p>
<div class="clear"> </div>
<br />
<h3>Постановка задачи</h3>
<p><img class="float_r" src="http://37.143.10.54/assets/images/check.jpg" alt="" width="199" height="149" />При создании сайтов мы, в первую очередь, учитываем <strong>индивидуальные</strong> потребности каждого клиента – выбираем дизайн, продумываем функциональный интерфейс – делаем все, для того, чтобы сайт соответствовал своему назначению. И, конечно, цена имеет значение. Мы можем сделать как «дешево и сердито», так и «дорого и красиво», но мы не предложим Вам «навороченный» сайт, если он Вам не нужен.</p>
<p>Если сайт у Вас уже есть, но его работа не оправдывает Ваши ожидания – попробуйте воспользоваться нашими услугами по <strong>продвижению</strong> сайтов. Мы поможем Вам, если Вы не можете оценить сложность проекта и его конкурентоспособность в сети Интернет.</p>
<div class="clear"> </div>
<br />
<h3>Индивидуальная корпоративная задача</h3>
<p>А если… Вам нужно то, чего ни у кого нет (например, специальная система управления, <strong>корпоративный</strong> портал со структурой социальной сети и файлообменником или что-то еще), то мы будем рады сотрудничать с Вами – мы развивающаяся компания, и уникальные проекты нам особенно интересны.</p>
<br />
<h3>На каких системах делают сайты?</h3>
<p>Мы плотно работаем со следующими системами управления:</p>
<table>
<tbody>
<tr><th width="180"><img src="http://37.143.10.54/assets/images/joomla.png" alt="joomla" height="80" /></th>
<td>
<h4>Joomla</h4>
<p>Бесплатная и очень популярная система управления</p>
</td>
<td rowspan="3"><a href="http://37.143.10.54/kak-vybrat-cms.html"><strong>Как выбрать CMS?</strong></a></td>
</tr>
<tr><th><img src="http://37.143.10.54/assets/images/modx.jpeg" alt="modx" height="60" /></th>
<td>
<h4>MODX Revo</h4>
<p>Бесплатная гибкая система управлением сайтом</p>
</td>
</tr>
<tr><th><img src="http://37.143.10.54/assets/images/umi-cms.png" alt="umi.cms" height="80" /></th>
<td>
<h4>UMI.CMS</h4>
<p>Платная, но широко развивающаяся система управленя с большими возможностями</p>
</td>
</tr>
<tr>
<td colspan="3">
<p><strong>Также мы занимаемся разработкой сайтов на различных других системах управления и разработкой индивидуальных проектов "с чистого листа"</strong></p>
</td>
</tr>
</tbody>
</table>
</div>
</div>
<p><span style="line-height: 1.5em;"> </span></p> --></article>
            </div>
        	<div class="right">
            	<div class="feedback">
<h2>Обратная связь</h2>
    <form method="post">
   		<input class="workemail" type="text" name="workemail" value="" />
		
		
		<input name="name" value="" class="text" placeholder="Имя" /><br />
		
		
		<input name="phone" value="" class="text" placeholder="Телефон" /><br />
		
		
		<input name="email" value="" class="text" placeholder="Почта" /><br />

		
		<textarea name="mess" placeholder="Комментарий"></textarea><br />
		<a class="personal_accept" href="soglasie-na-obrabotku-personalnyix-dannyix.html">Нажимая "Отправить" вы подтверждаете согласие на обработку своих персональных данных</a>
        <center><input type="submit" name="feedback" class="submit" value="Отправить" /></center>
        
        <div class="success" style="display:none;">Спасибо, ваше письмо принято</div>
    </form>
</div>


            </div>
            	</div>
			</div>
        </div>
		<div id="footer_guarantor"></div>
    </div>
	<div id="footer_wrapper">
	<div id="footer">
		<div class="by"><img src="/assets/images/logo.png"><br />
		&copy; 2010 — 2014 Студия «Anemone»</div>
		<div class="contacts">Санкт-Петербург, Измайловский пр., д.18, литер Д<br />
Тел. (812) 946-14-46, 251-28-70. факс (812) 251-03-20</div>
		<div class="counter"></div>	
		<!-- Yandex.Metrika counter -->
<script type="text/javascript">
(function (d, w, c) {
    (w[c] = w[c] || []).push(function() {
        try {
            w.yaCounter7316125 = new Ya.Metrika({id:7316125,
                    webvisor:true,
                    clickmap:true,
                    trackLinks:true,
                    accurateTrackBounce:true});
        } catch(e) { }
    });

    var n = d.getElementsByTagName("script")[0],
        s = d.createElement("script"),
        f = function () { n.parentNode.insertBefore(s, n); };
    s.type = "text/javascript";
    s.async = true;
    s.src = (d.location.protocol == "https:" ? "https:" : "http:") + "//mc.yandex.ru/metrika/watch.js";

    if (w.opera == "[object Opera]") {
        d.addEventListener("DOMContentLoaded", f, false);
    } else { f(); }
})(document, window, "yandex_metrika_callbacks");
</script>
<noscript><div><img src="//mc.yandex.ru/watch/7316125" style="position:absolute; left:-9999px;" alt="" /></div></noscript>
<!-- /Yandex.Metrika counter -->
	</div>
</div>
</body>
</html>