<!doctype html>
<html lang="en">
<head>
	<meta charset="UTF-8">
	<title>Деталь Лайн - интернет-магазин автозапчастей в Ростове-на-Дону и области</title>
	<link rel="stylesheet" href="css/fonts.css">
	<link rel="stylesheet" href="css/lightbox.css">
	<link rel="stylesheet" href="css/royalslider.css">
	<link rel="stylesheet" href="css/style.css">
	<link rel="shortcut icon" href="img/favicon.ico" type="image/x-icon">
	<link rel="icon" href="img/favicon.ico" type="image/x-icon">
	<!--[if lte IE 8]><link href="css/ie.css" rel="stylesheet" type="text/css" /><![endif]-->
	<script src="http://api-maps.yandex.ru/2.1/?lang=ru_RU" type="text/javascript"></script>
	<script src="http://ajax.googleapis.com/ajax/libs/jquery/1.10.2/jquery.min.js"></script>
	<script src="js/lightbox.js"></script>
	<script src="js/royalslider.js"></script>
	<script src="js/common.js"></script>
</head>
<body>
	<div id="header">
		<div class="content">
			<div class="logo">
				<img src="img/logo.jpg" alt="">
			</div>
			<address>
				<span><sup>8 863</sup> 260-17-29</span>
				<span><sup>8 904</sup> 503-07-07</span>
			</address>
			<div class="desc">
				<span>Интернет-магазин автозапчастей</span>
				<strong>в Ростове-на-Дону и области</strong>
			</div>
			<div class="clear"></div>
		</div>
	</div>
	<div id="block-1">
		<div class="content">
			<div class="img"><img src="img/part-ico.png" alt=""></div>
			<h1><span>Автозапчасти для иномарок</span></h1>
			<h2>Закажите сегодня и получите сегодня!</h2>
			<h3>Эспресс-доставка <img src="img/delivery-ico.png" alt=""> бесплатно!</h3>
		</div>
	</div>
	<div id="block-2">
		<div class="content">
			<div class="left">
				<h2>Найти нужную запчасть<br>очень быстро и просто!</h2>
				<div class="line">
					<span>1</span>
					<p>Оставьте заявку, <br>заполнив форму справа.</p>
				</div>
				<div class="line">
					<span>2</span>
					<p>В течение 15 мин. с Вами свяжется опытный специалист и поможет найти нужные запчасти.</p>
				</div>
				<div class="line">
					<span>3</span>
					<p>И уже в течение 24 часов готовый заказ доставят Вам домой или работу, предварительно позвонив.</p>
				</div>
			</div>
			<form action="form.php" class="form rf" method="POST" val="" onsubmit="yaCounter25754477.reachGoal('all');">
				<h2>Отправить заявку</h2>
				<div class="placeholder">
					<label>Имя *</label>
					<input type="text" class="rfield" name="name">
				</div>
				<div class="placeholder">
					<label>Телефон *</label>
					<input type="text" class="rfield phone-number" name="phone">
				</div>
				<div class="placeholder">
					<label>Электронный адрес</label>
					<input type="text" class="" name="email">
				</div>
				<div class="placeholder-area">
					<label>Комментарий</label>
					<textarea rows="15" cols="27" maxlength="255" name="comments"></textarea>				
				</div>
				<input type="hidden" value="Главная форма" name="subject">				<input type="submit" value="Заказать" class="btn_submit disabled button-1">
			</form>
		</div>
	</div>
	<div class="action">
		<div class="content">
			<h2>
				Сейчас у нас проходит акция  —  <span>  10% скидка на первую покупку.</span>
				<small>Не теряйте Вашу экономию! Оформите заявку прямо сейчас!</small>
			</h2>
			<div class="counter">
				<div class="desc">
					До окончания
					<br>акции осталось:
				</div>
				<div class="time">
					<div class="hours">
						<span>07</span>
						<p>часов</p>
					</div>
					<strong>:</strong>
					<div class="mins">
						<span>15</span>
						<p>минут</p>
					</div>
					<strong>:</strong>
					<div class="secs">
						<span>58</span>
						<p>секунд</p>
					</div>
				</div>
			</div>
		</div>
	</div>
	<div id="block-3">
		<div class="content">
			<div class="img">
				<img src="img/quest-ico.png" alt="">
			</div>
			<h2>Если вы <strong>не опытный</strong> и не знаете, что вам нужно, мы сами<br>свяжемся с вашим автосервисом и подберем нужные запчасти.</h2>
			<h3>Это бесплатно!</h3>
			<a href="#modal-win-1" class="button-1 open-modal" val="Заявка - Подбор деталей">Да, давайте!</a>
		</div>
	</div>
	<div id="sliders">
		<div class="content">
			<div class="bl-title">В нашем ассортименте более 5 миллионов позиций</div>
		</div>
		<div class="sli-wrap" id="slider-1">
			<div class="sli-inner content bordered">
				<div class="left">
					<h2>Кузовные</h2>
					<small>Более</small>
					<strong>50 000</strong>
					<small>позиций к более чем</small>
					<b>142 моделям автомобилей</b>
					<a href="#modal-win-1" class="open-modal" val="Заявка - Кузовные">Заявка на кузовные</a>
				</div>
				<div class="right">
					<div class="royalSlider">
						<div class="rsContent">
							<div class="item">
								<div class="img">
									<img src="img/sl1-it1.jpg" alt="">
									<a href="#modal-win-1" class="open-modal"  val="Заявка - Капоты">Заказать</a>
								</div>
								<p>
									<strong>Капоты</strong>
									<br><small>Более 10 000</small>
								</p>
							</div>
							<div class="item">
								<div class="img">
									<img src="img/sl1-it2.jpg" alt="">
									<a href="#modal-win-1" class="open-modal"  val="Заявка - Крылья">Заказать</a>
								</div>
								<p>
									<strong>Крылья</strong>
									<br><small>Более 8 000</small>
								</p>
							</div>
							<div class="item">
								<div class="img">
									<img src="img/sl1-it3.jpg" alt="">
									<a href="#modal-win-1" class="open-modal"  val="Заявка - Бампера">Заказать</a>
								</div>
								<p>
									<strong>Бампера</strong>
									<br><small>Более 12 000</small>
								</p>
							</div>							
						</div>
						<div class="rsContent">
							<div class="item">
								<div class="img">
									<img src="img/sl1-it4.jpg" alt="">
									<a href="#modal-win-1" class="open-modal"  val="Заявка - Решетка">Заказать</a>
								</div>
								<p>
									<strong>Решетки</strong>
									<br><small>Более 7 000</small>
								</p>
							</div>
							<div class="item">
								<div class="img">
									<img src="img/sl1-it5.jpg" alt="">
									<a href="#modal-win-1" class="open-modal"  val="Заявка - Крышка багажника">Заказать</a>
								</div>
								<p>
									<strong>Крышки багажника</strong>
									<br><small>Более 9 000</small>
								</p>
							</div>
							
						</div>
					</div>
				</div>
				<div class="clear"></div>
			</div>
		</div>
		<div class="sli-wrap" id="slider-2">
			<div class="sli-inner content bordered">
				<div class="left">
					<h2>Оптика</h2>
					<small>Более</small>
					<strong>125 000</strong>
					<small>позиций к более чем</small>
					<b>245 моделям автомобилей</b>
					<a href="#modal-win-1" class="open-modal"  val="Заявка - Оптика">Заявка на оптику</a>
				</div>
				<div class="right">
					<div class="royalSlider">
						<div class="rsContent">
							<div class="item">
								<div class="img">
									<img src="img/sl2-it2.jpg" alt="">
									<a href="#modal-win-1" class="open-modal"  val="Заявка - Фары">Заказать</a>
								</div>
								<p>
									<strong>Фары</strong>
									<br><small>Более 10 000</small>
								</p>
							</div>
							<div class="item">
								<div class="img">
									<img src="img/sl2-it3.jpg" alt="">
									<a href="#modal-win-1" class="open-modal"  val="Заявка - Фонари">Заказать</a>
								</div>
								<p>
									<strong>Фонари</strong>
									<br><small>Более 8 000</small>
								</p>
							</div>
							<div class="item">
								<div class="img">
									<img src="img/sl2-it4.jpg" alt="">
									<a href="#modal-win-1" class="open-modal"  val="Заявка - Указатели поворота">Заказать</a>
								</div>
								<p>
									<strong>Указатели поворота</strong>
									<br><small>Более 12 000</small>
								</p>
							</div>
						</div>
						<div class="rsContent">
							<div class="item">
								<div class="img">
									<img src="img/sl2-it5.jpg" alt="">
									<a href="#modal-win-1" class="open-modal"  val="Заявка - Фонари в бампер">Заказать</a>
								</div>
								<p>
									<strong>Фонари в бампер</strong>
									<br><small>Более 5 000</small>
								</p>
							</div>
							<div class="item">
								<div class="img">
									<img src="img/sl2-it6.jpg" alt="">
									<a href="#modal-win-1" class="open-modal"  val="Заявка - Противотуманые фары">Заказать</a>
								</div>
								<p>
									<strong>Противотуманые фары</strong>
									<br><small>Более 3 000</small>
								</p>
							</div>
							<div class="item">
								<div class="img">
									<img src="img/sl2-it7.jpg" alt="">
									<a href="#modal-win-1" class="open-modal"  val="Заявка - Корректоры фар">Заказать</a>
								</div>
								<p>
									<strong>Корректоры фар</strong>
									<br><small>Более 1 000</small>
								</p>
							</div>
						</div>
					</div>
				</div>
				<div class="clear"></div>
			</div>
		</div>
		<div class="sli-wrap" id="slider-3">
			<div class="sli-inner content">
				<div class="left">
					<h2>Радиаторы</h2>
					<small>Более</small>
					<strong>75 000</strong>
					<small>позиций к более чем</small>
					<b>95 моделям автомобилей</b>
					<a href="#modal-win-1" class="open-modal"  val="Заявка - Радиаторы">Заявка на радиаторы</a>
				</div>
				<div class="right">
					<div class="royalSlider">
						<div class="rsContent">
							<div class="item">
								<div class="img">
									<img src="img/sl3-it2.jpg" alt="">
									<a href="#modal-win-1" class="open-modal"  val="Заявка - Радиаторы двигателя">Заказать</a>
								</div>
								<p>
									<strong>Радиаторы двигателя</strong>
									<br><small>Более 10 000</small>
								</p>
							</div>
							<div class="item">
								<div class="img">
									<img src="img/sl3-it1.jpg" alt="">
									<a href="#modal-win-1" class="open-modal"  val="Заявка - Радиаторы кондиционера">Заказать</a>
								</div>
								<p>
									<strong>Радиаторы кондиционера</strong>
									<br><small>Более 8 000</small>
								</p>
							</div>
							<div class="item">
								<div class="img">
									<img src="img/sl3-it3.jpg" alt="">
									<a href="#modal-win-1" class="open-modal"  val="Заявка - Радиаторы турбины">Заказать</a>
								</div>
								<p>
									<strong>Радиаторы турбины</strong>
									<br><small>Более 12 000</small>
								</p>
							</div>
						</div>
					</div>
				</div>
				<div class="clear"></div>
			</div>
		</div>
		<div class="action">
			<div class="content">
				<h2>
					Сейчас у нас проходит акция  —  <span>  10% скидка на первую покупку.</span>
					<small>Не теряйте Вашу экономию! Оформите заявку прямо сейчас!</small>
				</h2>
				<div class="counter">
					<div class="desc">
						До окончания
						<br>акции осталось:
					</div>
					<div class="time">
						<div class="hours">
							<span>07</span>
							<p>часов</p>
						</div>
						<strong>:</strong>
						<div class="mins">
							<span>15</span>
							<p>минут</p>
						</div>
						<strong>:</strong>
						<div class="secs">
							<span>58</span>
							<p>секунд</p>
						</div>
					</div>
				</div>
			</div>
		</div>
		<div class="sli-wrap" id="slider-4">
			<div class="sli-inner content bordered">
				<div class="left">
					<h2>Детали подвески</h2>
					<small>Более</small>
					<strong>182 000</strong>
					<small>позиций к более чем</small>
					<b>210 моделям автомобилей</b>
					<a href="#modal-win-1" class="open-modal"  val="Заявка - Подвеска">Заявка на подвеску</a>
				</div>
				<div class="right">
					<div class="royalSlider">
						<div class="rsContent">
							<div class="item">
								<div class="img">
									<img src="img/sl4-it1.jpg" alt="">
									<a href="#modal-win-1" class="open-modal"  val="Заявка - Амортизаторы">Заказать</a>
								</div>
								<p>
									<strong>Амортизаторы</strong>
									<br><small>Более 10 000</small>
								</p>
							</div>
							<div class="item">
								<div class="img">
									<img src="img/sl4-it2.jpg" alt="">
									<a href="#modal-win-1" class="open-modal"  val="Заявка - Рычаги">Заказать</a>
								</div>
								<p>
									<strong>Рычаги</strong>
									<br><small>Более 8 000</small>
								</p>
							</div>
							<div class="item">
								<div class="img">
									<img src="img/sl4-it3.jpg" alt="">
									<a href="#modal-win-1" class="open-modal"  val="Заявка - Привода">Заказать</a>
								</div>
								<p>
									<strong>Привода</strong>
									<br><small>Более 12 000</small>
								</p>
							</div>
						</div>
						<div class="rsContent">
							<div class="item">
								<div class="img">
									<img src="img/sl4-it4.jpg" alt="">
									<a href="#modal-win-1" class="open-modal"  val="Заявка - Стойки стабилизатора">Заказать</a>
								</div>
								<p>
									<strong>Стойки стабилизатора</strong>
									<br><small>Более 12 000</small>
								</p>
							</div>
							<div class="item">
								<div class="img">
									<img src="img/sl4-it5.jpg" alt="">
									<a href="#modal-win-1" class="open-modal"  val="Заявка - Стойки стабилизатора">Заказать</a>
								</div>
								<p>
									<strong>Сайлент блоки</strong>
									<br><small>Более 7 000</small>
								</p>
							</div>
							
						</div>
					</div>
				</div>
				<div class="clear"></div>
			</div>
		</div>
		<div class="sli-wrap" id="slider-5">
			<div class="sli-inner content bordered">
				<div class="left">
					<h2>Автостекла</h2>
					<small>Более</small>
					<strong>95 000</strong>
					<small>позиций к более чем</small>
					<b>145 моделям автомобилей</b>
					<a href="#modal-win-1" class="open-modal"  val="Заявка - Автостекла">Заявка на автостекла</a>
				</div>
				<div class="right">
					<div class="royalSlider">
						<div class="rsContent">
							<div class="item">
								<div class="img">
									<img src="img/sl5-it1.jpg" alt="">
									<a href="#modal-win-1" class="open-modal"  val="Заявка - Лобовые стекла">Заказать</a>
								</div>
								<p>
									<strong>Лобовые</strong>
									<br><small>Более 10 000</small>
								</p>
							</div>
							<div class="item">
								<div class="img">
									<img src="img/sl5-it2.jpg" alt="">
									<a href="#modal-win-1" class="open-modal"  val="Заявка - Задние стекла">Заказать</a>
								</div>
								<p>
									<strong>Задние</strong>
									<br><small>Более 8 000</small>
								</p>
							</div>
							<div class="item">
								<div class="img">
									<img src="img/sl5-it3.jpg" alt="">
									<a href="#modal-win-1" class="open-modal"  val="Заявка - Боковые стекла">Заказать</a>
								</div>
								<p>
									<strong>Боковые</strong>
									<br><small>Более 12 000</small>
								</p>
							</div>
						</div>
						<div class="rsContent">
							<div class="item">
								<div class="img">
									<img src="img/sl5-it4.jpg" alt="">
									<a href="#modal-win-1" class="open-modal"  val="Заявка - Треугольники">Заказать</a>
								</div>
								<p>
									<strong>Треугольники</strong>
									<br><small>Более 5 000</small>
								</p>
							</div>
							<div class="item">
								<div class="img">
									<img src="img/sl5-it5.jpg" alt="">
									<a href="#modal-win-1" class="open-modal"  val="Заявка - Стекла люка">Заказать</a>
								</div>
								<p>
									<strong>Стекла люка</strong>
									<br><small>Более 2 000</small>
								</p>
							</div>
						</div>
					</div>
				</div>
				<div class="clear"></div>
			</div>
		</div>
	</div>

	<div id="block-4">
		<div class="content">
			<div class="img">
				<img src="img/sklad-ico.png" alt="">
			</div>
			<h2>Скидки оптовым покупателям</h2>
			<h3>Предпринимателям, магазинам или автосервисам
				<br>мы рады предоставить постоянные <strong>скидки от 15%.</strong>
			</h3>
			<a href="#modal-win-1" class="button-1 open-modal"  val="Заявка - Стать партнером">Стать партнером</a>
		</div>
	</div>
	<div id="block-5">
		<div class="content">
			<h2 class="bl-title">Отзывы наших клиентов</h2>
			<div class="feedbacks">
				<div class="feedback first">
					<div class="text">
						Познакомился с магазином случайно.
						На сайте данного магазина увидел нужную мне деталь в наличие с более чем адекватным ценником. Зарегистрировался и сделал заказ. Спустя некоторое время позвонил менеджер и уточнил заказ - не просто подтвердил, 
						что именно в заказе указано, а сверился с каталогом, подойдет ли данная деталь именно на мою модель авто. 
						Все пришло вовремя и подошло, очень доволен.
					</div>
					<div class="author">
						<img src="img/auth-ico.png" alt="">
						<p>
							<strong>Павел Красников</strong>
							<span>15 марта 2014 г.</span>
						</p>
					</div>
				</div>
				<div class="feedback">
					<div class="text">
						Вообще не знаю что сказать об этом магазине.Сделал заказ(подкрылки для кашкая).
						Тут же на следующий день перезвонил менеджер,уточнил информацию.Приехал,расплатился.забрал.Ни каких проблем,недопониманий.
						Спасибо ребята за чёткую,спокойную и современную работу.Цены ниже чем у аналогичных компаний и это радует.В общем мне понравилось.Рекомендую всем.
					</div>
					<div class="author">
						<img src="img/auth-ico.png" alt="">
						<p>
							<strong>Андрей Мельник</strong>
							<span>26 апреля 2014 г.</span>
						</p>
					</div>
				</div>
				<div class="clear"></div>
				<div class="feedback first">
					<div class="text">
						Замечательный магазин, быстрое реагирование на вопросы, помощь консультации и быстрое выполнение заказа!
						Искал интернет-магазин запчастей с возможностью бесблатной доставки в удаленные регионы. Все доставили как и обещали. Услугами магазина доволен!
					</div>
					<div class="author">
						<img src="img/auth-ico.png" alt="">
						<p>
							<strong>Геннадий Колькин</strong>
							<span>05 мая 2014 г.</span>
						</p>
					</div>
				</div>
				<div class="feedback">
					<div class="text">
						Хороший магазин.
						Покупал колодки на туарег. Заказал через интернет, оказалось что мои колодки под заказ и по предоплате. 
						Предоплату сделал через сбербанк. Не выходя из дома сделал заказ, через несколько дней привезли. Курьер позвонил, обговорили время, все хорошо.Колодками остался доволен. 
						Желаю успехов магазину!!!
					</div>
					<div class="author">
						<img src="img/auth-ico.png" alt="">
						<p>
							<strong>Леонид Васильевич</strong>
							<span>20 июня 2014 г.</span>
						</p>
					</div>
				</div>
			</div>
		</div>
	</div>
	<div id="block-6">
		<div class="content">
			<div class="img"><img src="img/world-ico.png" alt=""></div>
			<h2>
				Если вы <strong>имеете опыт</strong> в подборе автозапчастей или знаете<br>каталожный номер нужной запчасти, то вы можете<br>воспользоваться нашим сайтом.
			</h2>
			<a href="http://www.detalline.ru" target="_blank">www.detalline.ru</a>
		</div>
	</div>
	<div id="block-7">
		<div class="content">
			<h2 class="bl-title">Кто мы?</h2>
			<div class="left">
				<h2>
					Мы компания по продаже автозапчастей для всех видов иномарок, имеющая опыт работы уже <strong>более 7 лет.</strong>
				</h2>
				<div>
					<div class="img">
						<img src="img/user-ico.png" alt="">
					</div>
					<p>
						Мы работаем как с физическими, так 
						<br>и с юридическими лицами.
					</p>
				</div>
				<div>
					<div class="img">
						<img src="img/russia-ico.png" alt="">
					</div>
					<p>
						Мы доставляем наши запчасти 
						<br>по всей России.
					</p>
				</div>
			</div>
			<div class="right">
			<!--	<a href="img/ogrn-detalline.jpg" class="first" data-lightbox="Sertficates">
					<img src="img/sv2.jpg" alt="">
					<span></span>
				</a> -->
				<a href="img/ogrn-detalline.jpg" data-lightbox="Sertficates">
					<img src="img/sv1.jpg" alt="">
					<span></span>
				</a>
			</div>
		</div>
	</div>
	<div id="block-8">
		<div class="content">
			<address>
				<strong>ул. Вавилова, 78г</strong>
				<p>г. Ростов-на-Дону, Россия</p>
				<span><sup>8 863</sup> 260-17-29</span>
				<span><sup>8 904</sup> 503-07-07</span>
			</address>
		</div>
		<div id="map"></div>
		<script>
			var myMap;
			ymaps.ready(init);
			function init () {
			    myMap = new ymaps.Map('map', {
			        center: [47.286317,39.682934], // Ростов
			        zoom: 16,
			        controls: []
			    });
			    myGeoObject = new ymaps.GeoObject({
		            geometry: {
		                type: "Point",
		                coordinates: [47.286317,39.682934]
		            },
		            properties: {
		                
		            }
		        }, {
		            preset: 'islands#dotIcon'
		        });
		        myMap.geoObjects.add(myGeoObject);
			}
		</script>
	</div>
	<div id="block-9">
		<div class="content">
			<span class="quest">?</span>
			<h2>Все еще остались вопросы?</h2>
			<h3>Просто позвоните или оставьте заявку, и наши специалисты<br>с радостью помогут вам разобраться.</h3>
			<a href="#modal-win-1" class="open-modal button-1"  val="Заявка - Заявка на звонок">Оформить заявку</a>
		</div>
	</div>
	<div id="footer">
		<div class="content">
			<div class="logo">
				<img src="img/logo.jpg" alt="">
			</div>
			<address>
				<span><sup>8 863</sup> 260-17-29</span>
				<span><sup>8 904</sup> 503-07-07</span>
			</address>
			<div class="desc">
				<span>Интернет-магазин автозапчастей</span>
				<strong>в Ростове-на-Дону и области</strong>
			</div>
			<div class="clear"></div>
		</div>
	</div>
	
	<div id="modal-box"></div>
	<div class="modal-win" id="modal-win-1">
		<a href="" class="close-btn" onclick="exit_modal(); return false;"></a>
		<form action="form.php" class="form rf" method="POST" val="" onsubmit="yaCounter25754477.reachGoal('all');">
			<h2>
				Оставить заявку
			</h2>
			<div class="placeholder">
				<label>Как ваз зовут? *</label>
				<input type="text" class="rfield" name="name">
			</div>
			<div class="placeholder">
				<label>Ваш телефон *</label>
				<input type="text" class="rfield phone-number" name="phone">
			</div>
			<div class="placeholder">
				<label>Ваш email</label>
				<input type="text" class="" name="email">
			</div>
			<div class="placeholder-area">
				<label>Комментарий</label>
				<textarea rows="15" cols="27" maxlength="255" name="comments"></textarea>				
			</div>
			<input type="hidden" value="" name="subject" id="subject">			<input type="submit" value="Отправить" class="btn_submit disabled button-1">
		</form>
	</div>
	
	
<!-- Yandex.Metrika counter -->
	<script type="text/javascript">
	(function (d, w, c) {
		(w[c] = w[c] || []).push(function() {
			try {
				w.yaCounter25754477 = new Ya.Metrika({id:25754477,
						webvisor:true,
						clickmap:true,
						trackLinks:true,
						accurateTrackBounce:true});
			} catch(e) { }
		});

		var n = d.getElementsByTagName("script")[0],
			s = d.createElement("script"),
			f = function () { n.parentNode.insertBefore(s, n); };
		s.type = "text/javascript";
		s.async = true;
		s.src = (d.location.protocol == "https:" ? "https:" : "http:") + "//mc.yandex.ru/metrika/watch.js";

		if (w.opera == "[object Opera]") {
			d.addEventListener("DOMContentLoaded", f, false);
		} else { f(); }
	})(document, window, "yandex_metrika_callbacks");
	</script>
	<noscript><div><img src="//mc.yandex.ru/watch/25754477" style="position:absolute; left:-9999px;" alt="" /></div></noscript>
<!-- /Yandex.Metrika counter -->

</body>
</html>