<!doctype html>
<html lang="ru">
<head>
<meta name="robots" content="all" />
<meta http-equiv="Content-Type" content="text/html; charset=UTF-8" />
<meta name="description" content="Встраиваемая техника, Сплит-системы, Котлы, Водонагреватели премиум класса в Ростове-на-Дону! Кредит, наличный и безналичный расчет, установка!" />
<meta name="keywords" content="Встраиваемая техника, Сплит-системы, Котлы, Водонагреватели премиум класса в Ростове-на-Дону! Кредит, наличный и безналичный расчет, установка!" />
<title>Встраиваемая техника, Сплит-системы, Котлы, Водонагреватели премиум класса в Ростове-на-Дону! Кредит, наличный и безналичный расчет, установка!</title>
<link rel="canonical" href="/"/><link rel="stylesheet" href="/d/769664/t/v215/images/styles.css" type="text/css" charset="utf-8" />
<link rel="stylesheet" type="text/css" href="/g/css/styles_articles_tpl.css" charset="utf-8" />
<!--[if lt IE 9]>
<script src="http://html5shim.googlecode.com/svn/trunk/html5.js" type="text/javascript" charset="utf-8"></script>
<![endif]-->

<link rel='stylesheet' type='text/css' href='/shared/highslide-4.1.13/highslide.min.css'/>
<!--[if IE 6]>
<link rel='stylesheet' type='text/css' href='/shared/highslide-4.1.13/highslide-ie6.css'/>
<![endif]-->
<!--[if lte IE 7 ]>
<link rel='stylesheet' type='text/css' href='/shared/highslide-4.1.13/style1_ie.css'/>
<![endif]-->

<script type='text/javascript' src='/shared/highslide-4.1.13/highslide-full.packed.js'></script>
<script type='text/javascript'>
hs.graphicsDir = '/shared/highslide-4.1.13/graphics/';
hs.outlineType = null;
hs.showCredits = false;
hs.lang={cssDirection:'ltr',loadingText:'Загрузка...',loadingTitle:'Кликните чтобы отменить',focusTitle:'Нажмите чтобы перенести вперёд',fullExpandTitle:'Увеличить',fullExpandText:'Полноэкранный',previousText:'Предыдущий',previousTitle:'Назад (стрелка влево)',nextText:'Далее',nextTitle:'Далее (стрелка вправо)',moveTitle:'Передвинуть',moveText:'Передвинуть',closeText:'Закрыть',closeTitle:'Закрыть (Esc)',resizeTitle:'Восстановить размер',playText:'Слайд-шоу',playTitle:'Слайд-шоу (пробел)',pauseText:'Пауза',pauseTitle:'Приостановить слайд-шоу (пробел)',number:'Изображение %1/%2',restoreTitle:'Нажмите чтобы посмотреть картинку, используйте мышь для перетаскивания. Используйте клавиши вперёд и назад'};</script>
<script type='text/javascript' src='/shared/flowplayer/flowplayer-3.2.9.min.js'></script>
<!-- 46b9544ffa2e5e73c3c971fe2ede35a5 -->
<link rel='stylesheet' type='text/css' href='/shared/s3/css/calendar.css' />
<script type='text/javascript' src='/shared/s3/js/lang/ru.js'></script>
<script type='text/javascript' src='/shared/s3/js/cookie.js'></script>
<script type='text/javascript' src='/shared/s3/js/widgets.js?v=7'></script>
<script type='text/javascript' src='/shared/s3/js/calendar.packed.js'></script>
<script type='text/javascript' src='/shared/feedback/feedback.factory.min.js'></script>
<script type='text/javascript'>
	FeedbackFactory.setOption('sources', '/shared/feedback');
	FeedbackFactory.setOption('url', '/my/s3/feedback/report.php');
	FeedbackFactory.setData('instance_id', 861392);
	FeedbackFactory.addScript('https://cabinet.megagroup.ru/client.jsonp?callback=FeedbackFactory.setUser');
	FeedbackFactory.setUser = function (data) { if(data.id) FeedbackFactory.setData('user_id', data.id);};
</script>

<script type='text/javascript'>/*<![CDATA[*/
widgets.addOnloadEvent(function() {
	if (typeof jQuery == 'undefined') {
		var s = document.createElement('script');
		s.type = 'text/javascript';
		s.src = '/shared/s3/js/jquery-1.7.2.min.js';
		document.body.appendChild(s);
	}
});
/*]]>*/
</script>

<style type="text/css"></style>
<script type="text/javascript" src="/g/libs/jquery/1.9.0/jquery.min.js"></script>
<script type="text/javascript" src="/g/libs/jqueryeasing/jquery.easing.min.1.3.js"></script>
<script type="text/javascript" src="/d/769664/t/v215/images/main.js"></script>
</head>
<body>
<!--[if lt IE 9]><div class="before"></div><![endif]-->
<header>
		<dl class="representing-card">
			<dt>
				<a href="/" class="logo">
					<img src="/thumb/XcZBLUqnbm5fIZKqFZ_cSA/271r75/769664/logo_0.png" alt="" title="" />
				</a>
			</dt>
			<dd>
								<div class="description"><p>Выбор<br />практичных людей!</p></div>
			</dd>
		</dl>
		<div class="contacts-top">
			<div class="phone">
				<span class="title">Телефон:</span>
				<span>
					<p><strong>
<p>+7 9282792936</p>
</strong></p>
				</span>
			</div>
			<div class="address">
				<span class="title">Адрес:</span>
				<span>
					<p>г. Ростов-на-Дону, ул. 50-летия<br /> Ростсельмаша 2 &laquo;г&raquo;, офис №301</p>
				</span>
			</div>
                        <div class="address">
				<span class="title">Email:</span>
				<span>
					<p><a href="manager@rosmart.su">manager@rosmart.su</a><br /> <a href="#">http://rosmart.su/</a></p>
				</span>
			</div>
		</div>
		<div class="clear-container"></div>
	</header>
<div class="wrapper">
        <div class="wrapp_div"></div>
	<nav>
		<ul class="nav-top">
							<li><a  href="/">Главная</a></li>	
							<li><a  href="/zayavki">Заявки</a></li>	
							<li><a  href="/ceny">Цены</a></li>	
							<li><a  href="/contacts">Контакты</a></li>	
							<li><a  href="/oplata-i-dostavka">Оплата и доставка</a></li>	
							<li><a  href="/kupit-v-kredit">Купить в кредит</a></li>	
							<li><a  href="/optovikam">Оптовикам</a></li>	
					</ul>
	</nav>

	<table class="content">
		<tr>
			<td class="sidebar">
				

				<nav>
					<ul class="nav-main">
											    					    <li><a   href="/vstraivaemaya-tehnika">Встраиваемая техника</a>
					    											    						        						            </li>
						            						        						    					    <li><a   href="/split-sistemy">Сплит системы</a>
					    											    						        						            </li>
						            						        						    					    <li><a   href="/vodonagrevateli">Водонагреватели</a>
					    											    						        						            </li>
						            						        						    					    <li><a   href="/kotly">Котлы</a>
					    											    						        						            </li>
						            						        						    					    <li><a   href="/registraciya">Регистрация</a>
					    															</li></ul>
				</nav>

				<form action="/search" method="get" class="search-block">
					<label>
						<input type="text" name="search" value="поиск"/>
					</label>
					<input type="submit" value="" />
				</form>
				
								<div class="block-text">
					<div class="block-title">Спецпредложение</div>
					<div class="block-body">
						<p><a href="/kaiser-eh-6000-lift-glass">
<p><object style="display: block; margin-left: auto; margin-right: auto;" width="175" height="175" classid="clsid:d27cdb6e-ae6d-11cf-96b8-444553540000" codebase="http://download.macromedia.com/pub/shockwave/cabs/flash/swflash.cab#version=6,0,40,0"><param name="src" value="/d/769664/d/lift.swf" /><param name="wmode" value="transparent" /><embed style="display: block; margin-left: auto; margin-right: auto;" width="175" height="175" type="application/x-shockwave-flash" src="/d/769664/d/lift.swf" wmode="transparent" /></object></p>
</a></p>
<p style="text-align: center;"><strong><span style="color: #ff0000; font-size: small;" data-mce-mark="1">НОВИНКА!</span></strong></p>
<p style="text-align: center;"><strong><span style="color: #ff0000; font-size: small;"></span></strong>Встраиваемая духовка</p>
<p style="text-align: center;"><a href="/kaiser-eh-6000-lift-glass">Kaiser&nbsp;EH 6000 LIFT Glass</a></p>
						<div class="clear-container"></div>
					</div>
				</div>
								
							</td>

			<td class="textbody">
                                									<div class="slider">
						<div class="slide-container">
							<ul>
																	
									<li><a href="http://allforbake.ru/split-sistemy"><img src="/d/769664/d/brand__33664-1.jpg" alt="" /></a></li>
									
																	
									<li><a href="http://allforbake.ru/vstraivaemaya-tehnika"><img src="/d/769664/d/Духовка.jpg" alt="" /></a></li>
									
																	
									<li><a href="http://allforbake.ru/vstraivaemaya-tehnika"><img src="/d/769664/d/Панели.jpg" alt="" /></a></li>
									
																	
									<li><a href="http://allforbake.ru/kotly"><img src="/d/769664/d/Котел_настенный.jpg" alt="" /></a></li>
									
																	
									<li><a href="http://allforbake.ru/vstraivaemaya-tehnika"><img src="/d/769664/d/S001.jpg" alt="" /></a></li>
									
																	
									<li><a href="http://allforbake.ru/vodonagrevateli"><img src="/d/769664/d/vodonagrevateli2.jpg" alt="" /></a></li>
									
															</ul>
						</div>
						<div class="prev"></div>
						<div class="next"></div>
					</div>
				                                
				
				<h1> Добро пожаловать </h1>
<h2>Уважаемые посетители нашего сайта!</h2>
<p style="text-align: justify;">Мы производим оптимизацию ассортимента и переоформление товарной витрины. Некоторое время будет недоступна информация о товарах, их стоимости и другие сервисы. Приносим свои извинения за временные неудобства. Мы постараемся максимально быстро закончить все работы.</p>
<p style="text-align: justify;">Вы можете проконсультироваться или заказать нужный вам товара по телефону +7 9282792936, написать запрос на почту <a href="mailto:manager@rosmart.su">manager@rosmart.su</a> или оставить <a href="/zayavki">Заявку</a> воспользовавшись формой.</p>
<p>С уважением, администрация интернет магазина РОСМАРТ.</p>
<hr />
<p><span style="font-size: 8pt;">Все сведения, указанные на сайте, носят информационный характер и ни при каких условиях не являются публичной офертой. Компания-продавец не несет никакой ответственности за возможно содержащиеся на сайте неточности, которые могут быть следствием опечаток или сбоев.</span></p>


</td>
		</tr>
	</table>

	<nav>
		<ul class="nav-bot">
						<li><a  href="/">Главная</a></li>
						<li><a  href="/zayavki">Заявки</a></li>
						<li><a  href="/ceny">Цены</a></li>
						<li><a  href="/contacts">Контакты</a></li>
						<li><a  href="/oplata-i-dostavka">Оплата и доставка</a></li>
						<li><a  href="/kupit-v-kredit">Купить в кредит</a></li>
						<li><a  href="/optovikam">Оптовикам</a></li>
					</ul>
	</nav>

	<footer>
		<div class="pull-left">
			<div class="sitename">
												Copyright &copy; 2014<br/>
			</div>
							<div class="shared_bot">
					<div class="title">Мы в сети:</div>
											<a href="http://vk.com/" title="ВКонтакте"><img src="/d/769664/d/vk.png" alt="" /></a>	
											<a href="http://twitter.com/" title="Твиттер"><img src="/d/769664/d/tw.png" alt="" /></a>	
											<a href="http://www.facebook.com/" title="Фейсбук"><img src="/d/769664/d/fb.png" alt="" /></a>	
											<a href="http://mail.ru/" title="Маил"><img src="/d/769664/d/mail.png" alt="" /></a>	
											<a href="http://www.odnoklassniki.ru/" title="Одноклассники"><img src="/d/769664/d/ok.png" alt="" /></a>	
											<a href="https://plus.google.com/" title="Google"><img src="/d/769664/d/google.png" alt="" /></a>	
									</div>
					</div>
		<div class="address-bot pull-left">
			<div class="contacts-top">
			<div class="phone">
				<span class="title">Телефон:</span>
				<span>
					<p><strong>
<p>+7 9282792936</p>
</strong></p>
				</span>
			</div>
			<div class="address">
				<span class="title">Адрес:</span>
				<span>
					<p>г. Ростов-на-Дону, ул. 50-летия<br /> Ростсельмаша 2 &laquo;г&raquo;, офис №301</p>
				</span>
			</div>
                        <div class="address">
				<span class="title">Email:</span>
				<span>
					<p><a href="manager@rosmart.su">manager@rosmart.su</a><br /> <a href="#">http://rosmart.su/</a></p>
				</span>
			</div>
		</div>
		</div>
		<div class="pull-right">
			<div class="mega">
				<span style='font-size:10px;' class='copyright'>Создание сайта: <a href="#" onClick="document.location='http://megagroup.ru/'" title="Создание сайтов">megagroup.ru</a></span>
			</div>
			<div class="counters-bot">
				<!--LiveInternet counter--><script type="text/javascript"><!--
document.write("<a href='http://www.liveinternet.ru/click' "+
"target=_blank><img src='//counter.yadro.ru/hit?t13.4;r"+
escape(document.referrer)+((typeof(screen)=="undefined")?"":
";s"+screen.width+"*"+screen.height+"*"+(screen.colorDepth?
screen.colorDepth:screen.pixelDepth))+";u"+escape(document.URL)+
";"+Math.random()+
"' alt='' title='LiveInternet: показано число просмотров за 24"+
" часа, посетителей за 24 часа и за сегодня' "+
"border='0' width='88' height='31'><\/a>")
//--></script><!--/LiveInternet--><!--cms statistics-->
	<script type="text/javascript"><!--
	var megacounter_key="4368d2a80d6c92b50f1e4cb2d76dd23f";
	(function(d){
		var s = d.createElement("script");
		s.src = "https://counter.megagroup.ru/loader.js?"+new Date().getTime();
		s.async = true;
		d.getElementsByTagName("head")[0].appendChild(s);
	})(document);
	//--></script>
	<!--/cms statistics-->
<!--__INFO2014-09-04 20:32:05INFO__-->

			</div>
		</div>
		<div class="clear-container"></div>
	</footer>
<a href="#" id="up"></a>
</div>

<!--[if lt IE 9]><div class="after"></div><![endif]-->
<!--688-->
</body>
</html>