<!DOCTYPE html PUBLIC "-//W3C//DTD XHTML 1.0 Strict//EN" "http://www.w3.org/TR/xhtml1/DTD/xhtml1-strict.dtd">
<html xmlns="http://www.w3.org/1999/xhtml" dir="ltr" lang="ru" xml:lang="ru">
<head><base href="http://radiomarket.su/">
<title>Интернет-магазин радиоэлектроники</title>

<meta name="description" content="Интернет-магазин радиоэлектроники 
" />
<meta name="keywords" content="радиоэлектроника,телефоны,авторегистраторы,чехлы" />
<link href="http://radiomarket.su/image/data/cart_3319.png" rel="icon" />
<link rel="stylesheet" type="text/css" href="catalog/view/theme/electronics/stylesheet/stylesheet.css" />

			
        <link rel="stylesheet" type="text/css" href="catalog/view/theme/electronics/stylesheet/fast_order.css" />
			
			
<link rel="stylesheet" href="catalog/view/javascript/contactable/contactable.css" type="text/css" />
<link rel="stylesheet" type="text/css" href="catalog/view/theme/electronics/stylesheet/slideshow.css" media="screen" />
<link rel="stylesheet" type="text/css" href="catalog/view/theme/electronics/stylesheet/topmenu.css" media="screen" />
<script type="text/javascript" src="catalog/view/javascript/jquery/jquery-1.7.1.min.js"></script>
<script type="text/javascript" src="catalog/view/javascript/jquery/ui/jquery-ui-1.8.16.custom.min.js"></script>
<link rel="stylesheet" type="text/css" href="catalog/view/javascript/jquery/ui/themes/ui-lightness/jquery-ui-1.8.16.custom.css" />
<script type="text/javascript" src="catalog/view/javascript/jquery/ui/external/jquery.cookie.js"></script>
<script type="text/javascript" src="catalog/view/javascript/jquery/colorbox/jquery.colorbox.js"></script>
<link rel="stylesheet" type="text/css" href="catalog/view/javascript/jquery/colorbox/colorbox.css" media="screen" />
<script type="text/javascript" src="catalog/view/javascript/jquery/tabs.js"></script>
<script type="text/javascript" src="catalog/view/javascript/common.js"></script>

			
				<script type="text/javascript" src="catalog/view/javascript/fast_order.js"></script>
			
			
<script type="text/javascript" src="catalog/view/javascript/hover-image-left.js"></script>
<script type="text/javascript" src="catalog/view/javascript/hover-image-right.js"></script>
<script type="text/javascript" src="catalog/view/javascript/contactable/jquery.validate.min.js"></script>
<script type="text/javascript" src="catalog/view/javascript/contactable/jquery.contactable.js"></script>
<script type="text/javascript">$(function(){$('#contactable').contactable();});</script>
<script type="text/javascript" src="catalog/view/javascript/jquery/nivo-slider/jquery.nivo.slider.pack.js"></script>
<script type="text/javascript" src="catalog/view/javascript/topmenu.js"></script>
<!--[if IE]>
<STYLE type="text/css">
    #content .box-product {
    background: url("/image/menu-bottom-ie.png") no-repeat bottom center transparent;
    background-size: 100%;
    margin-left: -13px;
    width: 106%;
    }
    #content .box-product > div .hov .cart {
        margin-top: 40px;
    }
    #footer {
        background: url("/image/menu-bottom-ie-footer.png") center bottom no-repeat;
    }
</STYLE>
<![endif]-->

<!--[if IE 7]>
<link rel="stylesheet" type="text/css" href="catalog/view/theme/electronics/stylesheet/ie7.css" />
<![endif]-->
<!--[if lt IE 7]>
<link rel="stylesheet" type="text/css" href="catalog/view/theme/electronics/stylesheet/ie6.css" />
<script type="text/javascript" src="catalog/view/javascript/DD_belatedPNG_0.0.8a-min.js"></script>
<script type="text/javascript">
DD_belatedPNG.fix('#logo img');
</script>
<![endif]-->
<!-- Rating@Mail.ru counter -->
<script type="text/javascript">//<![CDATA[
var _tmr = _tmr || [];
_tmr.push({id: "2469419", type: "pageView", start: (new Date()).getTime()});
(function (d, w) {
   var ts = d.createElement("script"); ts.type = "text/javascript"; ts.async = true;
   ts.src = (d.location.protocol == "https:" ? "https:" : "http:") + "//top-fwz1.mail.ru/js/code.js";
   var f = function () {var s = d.getElementsByTagName("script")[0]; s.parentNode.insertBefore(ts, s);};
   if (w.opera == "[object Opera]") { d.addEventListener("DOMContentLoaded", f, false); } else { f(); }
})(document, window);
//]]></script><noscript><div style="position:absolute;left:-10000px;">
<img src="//top-fwz1.mail.ru/counter?id=2469419;js=na" style="border:0;" height="1" width="1" alt="Рейтинг@Mail.ru" />
</div></noscript>
<!-- //Rating@Mail.ru counter -->
<meta name='yandex-verification' content='5cc75b6130a9c080' />
<meta name="google-site-verification" content="7pD2GgHGehX_P3IM9D5LT2tatZRmrRj4qVHANU49EUE" />
<script type="text/javascript">

  var _gaq = _gaq || [];
  _gaq.push(['_setAccount', 'UA-49649356-1']);
  _gaq.push(['_trackPageview']);

  (function() {
    var ga = document.createElement('script'); ga.type = 'text/javascript'; ga.async = true;
    ga.src = ('https:' == document.location.protocol ? 'https://ssl' : 'http://www') + '.google-analytics.com/ga.js';
    var s = document.getElementsByTagName('script')[0]; s.parentNode.insertBefore(ga, s);
  })();

</script>
</head>
<!-- Yandex.Metrika counter -->
<script type="text/javascript">
(function (d, w, c) {
    (w[c] = w[c] || []).push(function() {
        try {
            w.yaCounter24526367 = new Ya.Metrika({id:24526367,
                    webvisor:true,
                    clickmap:true,
                    trackLinks:true,
                    accurateTrackBounce:true});
        } catch(e) { }
    });

    var n = d.getElementsByTagName("script")[0],
        s = d.createElement("script"),
        f = function () { n.parentNode.insertBefore(s, n); };
    s.type = "text/javascript";
    s.async = true;
    s.src = (d.location.protocol == "https:" ? "https:" : "http:") + "//mc.yandex.ru/metrika/watch.js";

    if (w.opera == "[object Opera]") {
        d.addEventListener("DOMContentLoaded", f, false);
    } else { f(); }
})(document, window, "yandex_metrika_callbacks");
</script>
<noscript><div><img src="//mc.yandex.ru/watch/24526367" style="position:absolute; left:-9999px;" alt="" /></div></noscript>
<!-- /Yandex.Metrika counter -->
<script type="text/javascript" src="catalog/view/javascript/jquery/scrolltopcontrol.js"></script>
<body>
<div id="contactable"><!-- contactable html placeholder --></div>
<div id="container">
<div id="header">
    <div id="logo"><a href="http://radiomarket.su/"><img src="http://radiomarket.su/image/data/T6.jpg" title="Интернет-магазин радиоэлектроники" alt="Интернет-магазин радиоэлектроники" /></a></div>
        <div class="telefonnumber">8(863)270-29-30</div>
      <div class="inform">
     <div class="ico"><img alt="" src="/image/time.png"></div>
     <div class="days"><span>Пн-Пт</span><br>Сб-Вс</div>
     <div class="time1">9ºº - 16ºº<br>9ºº - 16ºº</div>
  </div>
  
    
  <div class="informright"></div>  

  <div class="telefonimg"><img src="/image/telefon.png" /></div>
<div class="cartimg"><img src="/image/cart-img.png" /></div>
  <div id="cart">
  <div class="heading">
    <div class="h4">Корзина покупок</div>
    <a><span id="cart-total">Товаров: 0 (0.00 руб.)</span></a></div>
  <div class="content">
        <div class="empty">Ничего не куплено!</div>
      </div>
</div>
  <div id="search">
        <input type="text" name="filter_name" value="Поиск" onclick="this.value = '';" onkeydown="this.style.color = '#000000';" />
        <div class="button-search"></div>
  </div>
  <div id="welcome">
        <a href="http://radiomarket.su/index.php?route=account/login">Войти</a> или <a href="http://radiomarket.su/index.php?route=account/simpleregister">зарегистрироваться</a>      </div>
  <div class="links"><a href="http://radiomarket.su/">Главная</a><a href="http://radiomarket.su/index.php?route=account/wishlist" id="wishlist-total">Закладки (0)</a><a href="http://radiomarket.su/index.php?route=checkout/cart">Корзина покупок</a><a href="http://radiomarket.su/index.php?route=checkout/simplecheckout">Оформление заказа</a></div>
</div>
<div id="menu">
  <ul>
        <li>	<a href="http://radiomarket.su/o-nas/">О нас</a>
	
          </li>
        <li>	<a href="http://radiomarket.su/tovary/">Товары</a>
	
            <div>
                <ul>
                                        <li><a href="http://radiomarket.su/tovary/kitaiskie-telefony/">Телефоны (made in Taiwan :R.O.C )</a></li>
                                        <li><a href="http://radiomarket.su/tovary/avtomobilnye-registratory-i-navigatory/">Авторегистраторы и навигаторы</a></li>
                                        <li><a href="http://radiomarket.su/tovary/radiomikrofony-i-radiotranslyatory/">Радиомикрофоны и радиотрансляторы</a></li>
                                        <li><a href="http://radiomarket.su/tovary/svetodiodnaya-produkciya/">Светодиодная продукция</a></li>
                                        <li><a href="http://radiomarket.su/tovary/radioizmeritelnye-pribory/">Радиоизмерительные приборы</a></li>
                                        <li><a href="http://radiomarket.su/tovary/bloki-pitaniya/">Блоки питания</a></li>
                                        <li><a href="http://radiomarket.su/tovary/radiopriemniki-s-usb/">Радиоприемники </a></li>
                                        <li><a href="http://radiomarket.su/tovary/lazernaya-cvetomuzyka-dlya-doma/">Лазерная цветомузыка для дома</a></li>
                                        <li><a href="http://radiomarket.su/tovary/chehly/">Креативные чехлы</a></li>
                                        <li><a href="http://radiomarket.su/tovary/elektroshokery/">Электрошокеры</a></li>
                            </ul>
              </div>
          </li>
        <li>	<a href="http://radiomarket.su/proizvodstvo/">Производство</a>
	
            <div>
                <ul>
                                        <li><a href="http://radiomarket.su/proizvodstvo/chehly-dlya-sotovyh-telefonov/">Чехлы для сотовых телефонов</a></li>
                                        <li><a href="http://radiomarket.su/proizvodstvo/suvenirnye-produkciya/">Сувенирные продукция</a></li>
                            </ul>
              </div>
          </li>
        <li>	<a href="http://radiomarket.su/optovikam/">Работа с нами</a>
	
          </li>
        <li>	<a href="http://radiomarket.su/sposoby-oplaty/">Оплата</a>
	
          </li>
        <li>	<a href="http://radiomarket.su/sposoby-dostavki/">Доставка</a>
	
          </li>
        <li>	<a href="http://radiomarket.su/partneram/">ПАРТНЕРАМ</a>
	
          </li>
        <li>	<a href="http://radiomarket.su/prays-list-xls/">ПРАЙС</a>
	
          </li>
        <li>	<a href="http://radiomarket.su/kontakty/">Контакты</a>
	
          </li>
      </ul>
</div>
<div id="notification"></div>
<div id="column-left">
    	<div class="box">
		<div class="box-heading">Бесплатная доставка</div>
	<div class="box-content">
		<div class="box-html">
			<p>
	<a href="http://radiomarket.su/sposoby-dostavki/"><img alt="" src="http://radiomarket.su/image/data/15.gif" style="width: 180px; height: 270px;" /></a></p>
		</div>
	</div>
	</div>
    	<div class="box">
		<div class="box-heading">ИНФО</div>
	<div class="box-content">
		<div class="box-html">
			<p>
	<img alt="" src="http://radiomarket.su/image/data/sert.jpg" style="width: 180px; height: 255px;" /></p>
		</div>
	</div>
	</div>
    	<div class="box">
		<div class="box-heading">МЫ на AVITO.RU</div>
	<div class="box-content">
		<div class="box-html">
			<p>
	<a href="http://www.avito.ru/made_in_chine"><img alt="" src="http://radiomarket.su/image/data/sty.jpg" style="width: 180px; height: 280px;" /></a></p>
		</div>
	</div>
	</div>
    	<div class="box">
		<div class="box-heading">Инструкция Android</div>
	<div class="box-content">
		<div class="box-html">
			<p>
	<a href="/android/android-manual.ru/index.html"><img alt="" src="http://radiomarket.su/image/data/11.jpg" style="width: 180px; height: 180px;" /></a></p>
		</div>
	</div>
	</div>
       
 
 <div class="box">
  <div class="box-heading">Акции</div>
  <div class="box-content">
    <div class="box-product">
            <div>
                        <div class="special"><img src="/image/special.png" /></div>                <div class="name"><a href="http://radiomarket.su/tovary/kitaiskie-telefony/iphone/iphone-5c-6572-taiwan.html">iPhone 5c</a></div>
                <div class="image">
        
                                        <a href="http://radiomarket.su/tovary/kitaiskie-telefony/iphone/iphone-5c-6572-taiwan.html" onmouseover="javascript:photoOnLeft('http://radiomarket.su/image/cache/data/telefon taiwan/china_L-260x260.jpg', event);" onmousemove="photoMoveLeft(event);" onmouseout="javascript:photoOffLeft();"><img src="http://radiomarket.su/image/cache/data/telefon taiwan/china_L-160x160.jpg" alt="iPhone 5c" /></a>
                        </a>
                            
                        
                        <div class="price">
                                                <span class="price-new">3990.00 руб.</span><span class="price-old">5000.00 руб.</span>
                                    </div>
                
        </div>
        
        <div class="stock">Есть в наличии</div>
                
                <div class="cart"><input type="button" value="Купить" onclick="addToCart('120');" class="button" /></div>
      </div>
            <div>
                        <div class="special"><img src="/image/special.png" /></div>                <div class="name"><a href="http://radiomarket.su/tovary/kitaiskie-telefony/iphone/iphone-5s-taiwan.html">iPhone 5s</a></div>
                <div class="image">
        
                                        <a href="http://radiomarket.su/tovary/kitaiskie-telefony/iphone/iphone-5s-taiwan.html" onmouseover="javascript:photoOnLeft('http://radiomarket.su/image/cache/data/telefon taiwan/5s-260x260.jpg', event);" onmousemove="photoMoveLeft(event);" onmouseout="javascript:photoOffLeft();"><img src="http://radiomarket.su/image/cache/data/telefon taiwan/5s-160x160.jpg" alt="iPhone 5s" /></a>
                        </a>
                            
                        
                        <div class="price">
                                                <span class="price-new">3990.00 руб.</span><span class="price-old">4800.00 руб.</span>
                                    </div>
                
        </div>
        
        <div class="stock">Есть в наличии</div>
                
                <div class="cart"><input type="button" value="Купить" onclick="addToCart('169');" class="button" /></div>
      </div>
            <div>
                        <div class="special"><img src="/image/special.png" /></div>                <div class="name"><a href="http://radiomarket.su/tovary/kitaiskie-telefony/iphone/iphone-5s-s-3g-tayvan.html">iPhone 5S с 3G Тайвань</a></div>
                <div class="image">
        
                                        <a href="http://radiomarket.su/tovary/kitaiskie-telefony/iphone/iphone-5s-s-3g-tayvan.html" onmouseover="javascript:photoOnLeft('http://radiomarket.su/image/cache/data/telefon taiwan/5s-260x260.jpg', event);" onmousemove="photoMoveLeft(event);" onmouseout="javascript:photoOffLeft();"><img src="http://radiomarket.su/image/cache/data/telefon taiwan/5s-160x160.jpg" alt="iPhone 5S с 3G Тайвань" /></a>
                        </a>
                            
                        
                        <div class="price">
                                                <span class="price-new">4490.00 руб.</span><span class="price-old">5300.00 руб.</span>
                                    </div>
                
        </div>
        
        <div class="stock">Нет в наличии</div>
                
                <div class="cart"><input type="button" value="Купить" onclick="addToCart('524');" class="button" /></div>
      </div>
            <div>
                        <div class="special"><img src="/image/special.png" /></div>                <div class="name"><a href="http://radiomarket.su/tovary/kitaiskie-telefony/samsung/galaxy-s4.html">Samsung Galaxy S4 (close to the original)</a></div>
                <div class="image">
        
                                        <a href="http://radiomarket.su/tovary/kitaiskie-telefony/samsung/galaxy-s4.html" onmouseover="javascript:photoOnLeft('http://radiomarket.su/image/cache/data/telefon taiwan/Galaxy-S4-260x260.jpg', event);" onmousemove="photoMoveLeft(event);" onmouseout="javascript:photoOffLeft();"><img src="http://radiomarket.su/image/cache/data/telefon taiwan/Galaxy-S4-160x160.jpg" alt="Samsung Galaxy S4 (close to the original)" /></a>
                        </a>
                            
                        
                        <div class="price">
                                                <span class="price-new">6990.00 руб.</span><span class="price-old">7500.00 руб.</span>
                                    </div>
                
        </div>
        
        <div class="stock">Есть в наличии</div>
                
                <div class="cart"><input type="button" value="Купить" onclick="addToCart('168');" class="button" /></div>
      </div>
            <div>
                        <div class="special"><img src="/image/special.png" /></div>                <div class="name"><a href="http://radiomarket.su/tovary/kitaiskie-telefony/samsung/samsung-galaxy-s5-close-to-the-original.html">Samsung Galaxy S5 (8 ядер)</a></div>
                <div class="image">
        
                                        <a href="http://radiomarket.su/tovary/kitaiskie-telefony/samsung/samsung-galaxy-s5-close-to-the-original.html" onmouseover="javascript:photoOnLeft('http://radiomarket.su/image/cache/data/telefon taiwan/SamsungS5-260x260.jpg', event);" onmousemove="photoMoveLeft(event);" onmouseout="javascript:photoOffLeft();"><img src="http://radiomarket.su/image/cache/data/telefon taiwan/SamsungS5-160x160.jpg" alt="Samsung Galaxy S5 (8 ядер)" /></a>
                        </a>
                            
                        
                        <div class="price">
                                                <span class="price-new">9990.00 руб.</span><span class="price-old">11000.00 руб.</span>
                                    </div>
                
        </div>
        
        <div class="stock">Есть в наличии</div>
                
                <div class="rating"><img src="catalog/view/theme/electronics/image/stars-4.png" alt="Отзывов: 2" /></div>
                <div class="cart"><input type="button" value="Купить" onclick="addToCart('544');" class="button" /></div>
      </div>
          </div>
  </div>
</div>

   </div>
 
<div id="content"><div class="slideshow">
  <div id="slideshow0" class="nivoSlider" style="width: 730px; height: 238px;">
            <a href="http://radiomarket.su/tovary/kitaiskie-telefony/samsung/samsung-tab-3.html"><img src="http://radiomarket.su/image/cache/data/tab-730x238.jpg" alt="tab" /></a>
                <a href="http://radiomarket.su/tovary/kitaiskie-telefony/nokia/nokia-lumia-1020-taiwan.html"><img src="http://radiomarket.su/image/cache/data/nokia 920-730x238.jpg" alt="nokia l" /></a>
                <a href="http://radiomarket.su/tovary/kitaiskie-telefony/samsung/samsung-galaxy-s5-close-to-the-original.html"><img src="http://radiomarket.su/image/cache/data/S5G-730x238.jpg" alt="s5" /></a>
                <a href="http://radiomarket.su/proizvodstvo/chehly-dlya-sotovyh-telefonov/"><img src="http://radiomarket.su/image/cache/data/rekcac-730x238.jpg" alt="test4" /></a>
                <a href="http://radiomarket.su/tovary/kitaiskie-telefony/iphone/"><img src="http://radiomarket.su/image/cache/data/ip4c-730x238.jpg" alt="t3" /></a>
                <a href="http://radiomarket.su/tovary/kitaiskie-telefony/samsung/galaxy-s4.html"><img src="http://radiomarket.su/image/cache/data/S4a-730x238.jpg" alt="t4" /></a>
                <a href="http://radiomarket.su/tovary/kitaiskie-telefony/samsung/samsung-galaxy-mega-i9200-1sim-taiwan.html"><img src="http://radiomarket.su/image/cache/data/Mega-730x238.jpg" alt="mega" /></a>
                <a href="http://radiomarket.su/o-nas/"><img src="http://radiomarket.su/image/cache/data/R92t-730x238.jpg" alt="test" /></a>
                <a href="http://radiomarket.su/tovary/kitaiskie-telefony/samsung/samsung-note-3-8-yader.html"><img src="http://radiomarket.su/image/cache/data/NOT3-8-730x238.jpg" alt="not 3" /></a>
                <a href="http://radiomarket.su/tovary/kitaiskie-telefony/samsung/chas-air-400.html"><img src="http://radiomarket.su/image/cache/data/chas-730x238.jpg" alt="chas" /></a>
          </div>
</div>
<script type="text/javascript"><!--
$(document).ready(function() {
	$('#slideshow0').nivoSlider();
});
--></script><div id="topmenu" style="display:none"><ul class="sf-menu">
	<li>
<a href="http://radiomarket.su/o-nas/">О нас</a>

</li>
	<li>
<a href="http://radiomarket.su/tovary/">Товары</a>

<ul style=" z-index: 1103;">

	<li>
<a href="http://radiomarket.su/tovary/kitaiskie-telefony/" class="parent">Телефоны (made in Taiwan :R.O.C )&nbsp; (93)</a>
<ul style=" z-index: 1101;">

	<li>
<a href="http://radiomarket.su/tovary/kitaiskie-telefony/iphone/">iPhone&nbsp; (9)</a>
</li>

	<li>
<a href="http://radiomarket.su/tovary/kitaiskie-telefony/samsung/">Samsung&nbsp; (27)</a>
</li>

	<li>
<a href="http://radiomarket.su/tovary/kitaiskie-telefony/htc/">HTC&nbsp; (8)</a>
</li>

	<li>
<a href="http://radiomarket.su/tovary/kitaiskie-telefony/sony/">Sony&nbsp; (1)</a>
</li>

	<li>
<a href="http://radiomarket.su/tovary/kitaiskie-telefony/nokia/">Nokia&nbsp; (11)</a>
</li>

	<li>
<a href="http://radiomarket.su/tovary/kitaiskie-telefony/thl/">THL&nbsp; (5)</a>
</li>

	<li>
<a href="http://radiomarket.su/tovary/kitaiskie-telefony/inew/">iNew&nbsp; (4)</a>
</li>

	<li>
<a href="http://radiomarket.su/tovary/kitaiskie-telefony/ulefone/">ULEFONE&nbsp; (3)</a>
</li>

	<li>
<a href="http://radiomarket.su/tovary/kitaiskie-telefony/zopo/">Zopo&nbsp; (5)</a>
</li>

	<li>
<a href="http://radiomarket.su/tovary/kitaiskie-telefony/asus/">ASUS&nbsp; (1)</a>
</li>

	<li>
<a href="http://radiomarket.su/tovary/kitaiskie-telefony/lenovo/">Lenovo&nbsp; (2)</a>
</li>

	<li>
<a href="http://radiomarket.su/tovary/kitaiskie-telefony/huawei/">Huawei &nbsp; (1)</a>
</li>

	<li>
<a href="http://radiomarket.su/tovary/kitaiskie-telefony/china-mobile/">China mobile&nbsp; (7)</a>
</li>

	<li>
<a href="http://radiomarket.su/tovary/kitaiskie-telefony/drugie-marki/">Другие марки&nbsp; (9)</a>
</li>

</ul>

</li>

	<li>
<a href="http://radiomarket.su/tovary/avtomobilnye-registratory-i-navigatory/">Авторегистраторы и навигаторы&nbsp; (40)</a>
</li>

	<li>
<a href="http://radiomarket.su/tovary/radiomikrofony-i-radiotranslyatory/">Радиомикрофоны и радиотрансляторы&nbsp; (6)</a>
</li>

	<li>
<a href="http://radiomarket.su/tovary/svetodiodnaya-produkciya/" class="parent">Светодиодная продукция&nbsp; (68)</a>
<ul style=" z-index: 1102;">

	<li>
<a href="http://radiomarket.su/tovary/svetodiodnaya-produkciya/svetodiody/">Светодиоды&nbsp; (62)</a>
</li>

	<li>
<a href="http://radiomarket.su/tovary/svetodiodnaya-produkciya/svetodiodnye-lenty/">Светодиодные ленты&nbsp; (5)</a>
</li>

	<li>
<a href="http://radiomarket.su/tovary/svetodiodnaya-produkciya/kontrollery/">Контроллеры&nbsp; (1)</a>
</li>

</ul>

</li>

	<li>
<a href="http://radiomarket.su/tovary/radioizmeritelnye-pribory/">Радиоизмерительные приборы&nbsp; (36)</a>
</li>

	<li>
<a href="http://radiomarket.su/tovary/bloki-pitaniya/">Блоки питания&nbsp; (46)</a>
</li>

	<li>
<a href="http://radiomarket.su/tovary/radiopriemniki-s-usb/">Радиоприемники &nbsp; (1)</a>
</li>

	<li>
<a href="http://radiomarket.su/tovary/lazernaya-cvetomuzyka-dlya-doma/">Лазерная цветомузыка для дома&nbsp; (8)</a>
</li>

	<li>
<a href="http://radiomarket.su/tovary/chehly/">Креативные чехлы&nbsp; (140)</a>
</li>

	<li>
<a href="http://radiomarket.su/tovary/elektroshokery/">Электрошокеры&nbsp; (4)</a>
</li>

</ul>

</li>
	<li>
<a href="http://radiomarket.su/proizvodstvo/">Производство</a>

<ul style=" z-index: 1104;">

	<li>
<a href="http://radiomarket.su/proizvodstvo/chehly-dlya-sotovyh-telefonov/">Чехлы для сотовых телефонов&nbsp; (140)</a>
</li>

	<li>
<a href="http://radiomarket.su/proizvodstvo/suvenirnye-produkciya/">Сувенирные продукция&nbsp; (11)</a>
</li>

</ul>

</li>
	<li>
<a href="http://radiomarket.su/optovikam/">Работа с нами</a>

</li>
	<li>
<a href="http://radiomarket.su/sposoby-oplaty/">Оплата</a>

</li>
	<li>
<a href="http://radiomarket.su/sposoby-dostavki/">Доставка</a>

</li>
	<li>
<a href="http://radiomarket.su/partneram/">ПАРТНЕРАМ</a>

</li>
	<li>
<a href="http://radiomarket.su/prays-list-xls/">ПРАЙС</a>

</li>
	<li>
<a href="http://radiomarket.su/kontakty/">Контакты</a>

</li>

</ul>
</div>

<div class="box">
  <div class="box-heading">Рекомендуем</div>
  <div class="box-content">
    <div class="box-product">
            <div>
                        <div class="name"><a href="http://radiomarket.su/tovary/kitaiskie-telefony/iphone/iphone-5s-4-yadra.html">iPhone 5s (4 ядра)</a></div>
        <div class="image">
            <img src="http://radiomarket.su/image/cache/data/2-140x140.gif" alt="iPhone 5s (4 ядра)" />
            <div class="hov">
                                <a href="http://radiomarket.su/tovary/kitaiskie-telefony/iphone/iphone-5s-4-yadra.html">
                <span>iPhone 5s (4 ядра)<br /></span>
                <img src="http://radiomarket.su/image/cache/data/2-260x260.gif"  alt="iPhone 5s (4 ядра)" />
                </a>
                <div id="descript">
	Три способа купить iPhone 5s (производство Тайвань)

	
		Звоните специалистам Radiomarket.su: ...</div>
                        <div class="price">
                                                            6500.00 руб.                                                    </div>
        
                <div class="cart"><input type="button" value="Купить" onclick="addToCart('545');" class="button" /></div>
        
        
            </div>
        
                            <div class="price">
                                                                6500.00 руб.                                                </div>
                
        </div>
      
        <div class="stock">Есть в наличии</div>
                
        
        
                <div class="cart"><input type="button" value="Купить" onclick="addToCart('545');" class="button" /></div>
      </div>
            <div>
                <div class="special"><img src="/image/special.png" /></div>        <div class="name"><a href="http://radiomarket.su/tovary/kitaiskie-telefony/iphone/iphone-5s-taiwan.html">iPhone 5s</a></div>
        <div class="image">
            <img src="http://radiomarket.su/image/cache/data/telefon taiwan/5s-140x140.jpg" alt="iPhone 5s" />
            <div class="hov">
                <div class="special"><img src="/image/special.png" /></div>                <a href="http://radiomarket.su/tovary/kitaiskie-telefony/iphone/iphone-5s-taiwan.html">
                <span>iPhone 5s<br /></span>
                <img src="http://radiomarket.su/image/cache/data/telefon taiwan/5s-260x260.jpg"  alt="iPhone 5s" />
                </a>
                <div id="descript">
	Три способа купить iPhone 5s (производство Тайвань)

	
		Звоните специалистам Radiomarket.su: ...</div>
                        <div class="price">
                                                            <span class="price-new">3990.00 руб.</span>
                                                           </div>
        
                <div class="cart"><input type="button" value="Купить" onclick="addToCart('169');" class="button" /></div>
        
        
            </div>
        
                            <div class="price">
                                                                     <span class="price-new">3990.00 руб.</span><span class="price-old">4800.00 руб.</span>
                                                             </div>
                
        </div>
      
        <div class="stock">Есть в наличии</div>
                
        
        
                <div class="cart"><input type="button" value="Купить" onclick="addToCart('169');" class="button" /></div>
      </div>
            <div>
                <div class="special"><img src="/image/special.png" /></div>        <div class="name"><a href="http://radiomarket.su/tovary/kitaiskie-telefony/samsung/samsung-galaxy-s5-close-to-the-original.html">Samsung Galaxy S5 (8 ядер)</a></div>
        <div class="image">
            <img src="http://radiomarket.su/image/cache/data/telefon taiwan/SamsungS5-140x140.jpg" alt="Samsung Galaxy S5 (8 ядер)" />
            <div class="hov">
                <div class="special"><img src="/image/special.png" /></div>                <a href="http://radiomarket.su/tovary/kitaiskie-telefony/samsung/samsung-galaxy-s5-close-to-the-original.html">
                <span>Samsung Galaxy S5 (8 ядер)<br /></span>
                <img src="http://radiomarket.su/image/cache/data/telefon taiwan/SamsungS5-260x260.jpg"  alt="Samsung Galaxy S5 (8 ядер)" />
                </a>
                <div id="descript">
	Интернет-магазин RADIOMARKET.SU реализует электронику из Тайваня и Китая по выгодным ценам. Предс...</div>
                        <div class="price">
                                                            <span class="price-new">9990.00 руб.</span>
                                                           </div>
        
                <div class="cart"><input type="button" value="Купить" onclick="addToCart('544');" class="button" /></div>
        
        
            </div>
        
                            <div class="price">
                                                                     <span class="price-new">9990.00 руб.</span><span class="price-old">11000.00 руб.</span>
                                                             </div>
                
        </div>
      
        <div class="stock">Есть в наличии</div>
                
        
        
                <div class="rating"><img src="catalog/view/theme/electronics/image/stars-4.png" alt="Отзывов: 2" /></div>
                <div class="cart"><input type="button" value="Купить" onclick="addToCart('544');" class="button" /></div>
      </div>
            <div>
                        <div class="name"><a href="http://radiomarket.su/tovary/kitaiskie-telefony/samsung/samsung-galaxy-s5-4-yadra.html">Samsung Galaxy S5 (4 ядра)</a></div>
        <div class="image">
            <img src="http://radiomarket.su/image/cache/data/telefon taiwan/SamsungS5-140x140.jpg" alt="Samsung Galaxy S5 (4 ядра)" />
            <div class="hov">
                                <a href="http://radiomarket.su/tovary/kitaiskie-telefony/samsung/samsung-galaxy-s5-4-yadra.html">
                <span>Samsung Galaxy S5 (4 ядра)<br /></span>
                <img src="http://radiomarket.su/image/cache/data/telefon taiwan/SamsungS5-260x260.jpg"  alt="Samsung Galaxy S5 (4 ядра)" />
                </a>
                <div id="descript">
	Интернет-магазин RADIOMARKET.SU реализует электронику из Тайваня и Китая по выгодным ценам. Предс...</div>
                        <div class="price">
                                                            7000.00 руб.                                                    </div>
        
                <div class="cart"><input type="button" value="Купить" onclick="addToCart('546');" class="button" /></div>
        
        
            </div>
        
                            <div class="price">
                                                                7000.00 руб.                                                </div>
                
        </div>
      
        <div class="stock">Есть в наличии</div>
                
        
        
                <div class="cart"><input type="button" value="Купить" onclick="addToCart('546');" class="button" /></div>
      </div>
            <div>
                <div class="special"><img src="/image/special.png" /></div>        <div class="name"><a href="http://radiomarket.su/tovary/kitaiskie-telefony/samsung/note-3-taiwan.html">Samsung Note 3 (4 ядра)</a></div>
        <div class="image">
            <img src="http://radiomarket.su/image/cache/data/telefon taiwan/NOT3-140x140.jpg" alt="Samsung Note 3 (4 ядра)" />
            <div class="hov">
                <div class="special"><img src="/image/special.png" /></div>                <a href="http://radiomarket.su/tovary/kitaiskie-telefony/samsung/note-3-taiwan.html">
                <span>Samsung Note 3 (4 ядра)<br /></span>
                <img src="http://radiomarket.su/image/cache/data/telefon taiwan/NOT3-260x260.jpg"  alt="Samsung Note 3 (4 ядра)" />
                </a>
                <div id="descript">
	Ищете престижный мобильный телефон с множеством функций по доступной цене? Обращайтесь в интернет...</div>
                        <div class="price">
                                                            <span class="price-new">7990.00 руб.</span>
                                                           </div>
        
                <div class="cart"><input type="button" value="Купить" onclick="addToCart('186');" class="button" /></div>
        
        
            </div>
        
                            <div class="price">
                                                                     <span class="price-new">7990.00 руб.</span><span class="price-old">8800.00 руб.</span>
                                                             </div>
                
        </div>
      
        <div class="stock">Есть в наличии</div>
                
        
        
                <div class="rating"><img src="catalog/view/theme/electronics/image/stars-5.png" alt="Отзывов: 1" /></div>
                <div class="cart"><input type="button" value="Купить" onclick="addToCart('186');" class="button" /></div>
      </div>
            <div>
                        <div class="name"><a href="http://radiomarket.su/tovary/kitaiskie-telefony/iphone/iphone-5s-java-2.html">iPhone 5S (Java)</a></div>
        <div class="image">
            <img src="http://radiomarket.su/image/cache/data/telefon taiwan/5s-140x140.jpg" alt="iPhone 5S (Java)" />
            <div class="hov">
                                <a href="http://radiomarket.su/tovary/kitaiskie-telefony/iphone/iphone-5s-java-2.html">
                <span>iPhone 5S (Java)<br /></span>
                <img src="http://radiomarket.su/image/cache/data/telefon taiwan/5s-260x260.jpg"  alt="iPhone 5S (Java)" />
                </a>
                <div id="descript">
	
		
	
	
		
			
				Технические характеристики
		
		
			
				Экран
			
				4 дюйма 480...</div>
                        <div class="price">
                                                            2300.00 руб.                                                    </div>
        
                <div class="cart"><input type="button" value="Купить" onclick="addToCart('167');" class="button" /></div>
        
        
            </div>
        
                            <div class="price">
                                                                2300.00 руб.                                                </div>
                
        </div>
      
        <div class="stock">Есть в наличии</div>
                
        
        
                <div class="cart"><input type="button" value="Купить" onclick="addToCart('167');" class="button" /></div>
      </div>
            <div>
                <div class="special"><img src="/image/special.png" /></div>        <div class="name"><a href="http://radiomarket.su/tovary/kitaiskie-telefony/samsung/galaxy-s4.html">Samsung Galaxy S4 (close to the original)</a></div>
        <div class="image">
            <img src="http://radiomarket.su/image/cache/data/telefon taiwan/Galaxy-S4-140x140.jpg" alt="Samsung Galaxy S4 (close to the original)" />
            <div class="hov">
                <div class="special"><img src="/image/special.png" /></div>                <a href="http://radiomarket.su/tovary/kitaiskie-telefony/samsung/galaxy-s4.html">
                <span>Samsung Galaxy S4 (close to the original)<br /></span>
                <img src="http://radiomarket.su/image/cache/data/telefon taiwan/Galaxy-S4-260x260.jpg"  alt="Samsung Galaxy S4 (close to the original)" />
                </a>
                <div id="descript">
	Интернет-магазин RADIOMARKET.SU реализует электронику из Тайваня и Китая по выгодным ценам. Предс...</div>
                        <div class="price">
                                                            <span class="price-new">6990.00 руб.</span>
                                                           </div>
        
                <div class="cart"><input type="button" value="Купить" onclick="addToCart('168');" class="button" /></div>
        
        
            </div>
        
                            <div class="price">
                                                                     <span class="price-new">6990.00 руб.</span><span class="price-old">7500.00 руб.</span>
                                                             </div>
                
        </div>
      
        <div class="stock">Есть в наличии</div>
                
        
        
                <div class="cart"><input type="button" value="Купить" onclick="addToCart('168');" class="button" /></div>
      </div>
            <div>
                        <div class="name"><a href="http://radiomarket.su/tovary/kitaiskie-telefony/samsung/samsung-galaxy-s5-2-yadra.html">Samsung Galaxy S5 (2 ядра)</a></div>
        <div class="image">
            <img src="http://radiomarket.su/image/cache/data/telefon taiwan/SamsungS5-140x140.jpg" alt="Samsung Galaxy S5 (2 ядра)" />
            <div class="hov">
                                <a href="http://radiomarket.su/tovary/kitaiskie-telefony/samsung/samsung-galaxy-s5-2-yadra.html">
                <span>Samsung Galaxy S5 (2 ядра)<br /></span>
                <img src="http://radiomarket.su/image/cache/data/telefon taiwan/SamsungS5-260x260.jpg"  alt="Samsung Galaxy S5 (2 ядра)" />
                </a>
                <div id="descript">
	Интернет-магазин RADIOMARKET.SU реализует электронику из Тайваня и Китая по выгодным ценам. Предс...</div>
                        <div class="price">
                                                            5000.00 руб.                                                    </div>
        
                <div class="cart"><input type="button" value="Купить" onclick="addToCart('549');" class="button" /></div>
        
        
            </div>
        
                            <div class="price">
                                                                5000.00 руб.                                                </div>
                
        </div>
      
        <div class="stock">Есть в наличии</div>
                
        
        
                <div class="cart"><input type="button" value="Купить" onclick="addToCart('549');" class="button" /></div>
      </div>
            <div>
                        <div class="name"><a href="http://radiomarket.su/tovary/kitaiskie-telefony/samsung/samsung-tab-3.html">Samsung TAB 3</a></div>
        <div class="image">
            <img src="http://radiomarket.su/image/cache/data/telefon taiwan/Tab3-140x140.jpg" alt="Samsung TAB 3" />
            <div class="hov">
                                <a href="http://radiomarket.su/tovary/kitaiskie-telefony/samsung/samsung-tab-3.html">
                <span>Samsung TAB 3<br /></span>
                <img src="http://radiomarket.su/image/cache/data/telefon taiwan/Tab3-260x260.jpg"  alt="Samsung TAB 3" />
                </a>
                <div id="descript">
	
		
			
				Технические характеристики
		
		
			
				Экран
			
				8 дюймов 1280х800 HD...</div>
                        <div class="price">
                                                            9000.00 руб.                                                    </div>
        
                <div class="cart"><input type="button" value="Купить" onclick="addToCart('547');" class="button" /></div>
        
        
            </div>
        
                            <div class="price">
                                                                9000.00 руб.                                                </div>
                
        </div>
      
        <div class="stock">Есть в наличии</div>
                
        
        
                <div class="cart"><input type="button" value="Купить" onclick="addToCart('547');" class="button" /></div>
      </div>
            <div>
                        <div class="name"><a href="http://radiomarket.su/tovary/kitaiskie-telefony/samsung/samsung-galaxy-mega-i9200-1sim-taiwan.html">Samsung Galaxy Mega i9200 1sim  (Taiwan)</a></div>
        <div class="image">
            <img src="http://radiomarket.su/image/cache/data/telefon taiwan/617174693-140x140.jpg" alt="Samsung Galaxy Mega i9200 1sim  (Taiwan)" />
            <div class="hov">
                                <a href="http://radiomarket.su/tovary/kitaiskie-telefony/samsung/samsung-galaxy-mega-i9200-1sim-taiwan.html">
                <span>Samsung Galaxy Mega i9200 1sim  (Taiwan)<br /></span>
                <img src="http://radiomarket.su/image/cache/data/telefon taiwan/617174693-260x260.jpg"  alt="Samsung Galaxy Mega i9200 1sim  (Taiwan)" />
                </a>
                <div id="descript">
	
		
	
	
		
			
				Технические характеристики
		
		
			
				Экран
			
				6,3 дюйма 1...</div>
                        <div class="price">
                                                            7500.00 руб.                                                    </div>
        
                <div class="cart"><input type="button" value="Купить" onclick="addToCart('536');" class="button" /></div>
        
        
            </div>
        
                            <div class="price">
                                                                7500.00 руб.                                                </div>
                
        </div>
      
        <div class="stock">Есть в наличии</div>
                
        
        
                <div class="cart"><input type="button" value="Купить" onclick="addToCart('536');" class="button" /></div>
      </div>
            <div>
                        <div class="name"><a href="http://radiomarket.su/tovary/kitaiskie-telefony/nokia/nokia-lumia-1020-taiwan.html">Nokia Lumia 1020 </a></div>
        <div class="image">
            <img src="http://radiomarket.su/image/cache/data/telefon taiwan/652031093-140x140.jpg" alt="Nokia Lumia 1020 " />
            <div class="hov">
                                <a href="http://radiomarket.su/tovary/kitaiskie-telefony/nokia/nokia-lumia-1020-taiwan.html">
                <span>Nokia Lumia 1020 <br /></span>
                <img src="http://radiomarket.su/image/cache/data/telefon taiwan/652031093-260x260.jpg"  alt="Nokia Lumia 1020 " />
                </a>
                <div id="descript">
	
		
	
	
		
			
				Технические характеристики
		
		
			
				Экран
			
				4,3 дюйма 8...</div>
                        <div class="price">
                                                            3500.00 руб.                                                    </div>
        
                <div class="cart"><input type="button" value="Купить" onclick="addToCart('117');" class="button" /></div>
        
        
            </div>
        
                            <div class="price">
                                                                3500.00 руб.                                                </div>
                
        </div>
      
        <div class="stock">Есть в наличии</div>
                
        
        
                <div class="rating"><img src="catalog/view/theme/electronics/image/stars-5.png" alt="Отзывов: 1" /></div>
                <div class="cart"><input type="button" value="Купить" onclick="addToCart('117');" class="button" /></div>
      </div>
            <div>
                        <div class="name"><a href="http://radiomarket.su/tovary/kitaiskie-telefony/nokia/nokia-lumia-920-android-taiwan.html">Nokia lumia 920 android (Taiwan)</a></div>
        <div class="image">
            <img src="http://radiomarket.su/image/cache/data/telefon taiwan/Nokia-Lumia-920-04-140x140.jpg" alt="Nokia lumia 920 android (Taiwan)" />
            <div class="hov">
                                <a href="http://radiomarket.su/tovary/kitaiskie-telefony/nokia/nokia-lumia-920-android-taiwan.html">
                <span>Nokia lumia 920 android (Taiwan)<br /></span>
                <img src="http://radiomarket.su/image/cache/data/telefon taiwan/Nokia-Lumia-920-04-260x260.jpg"  alt="Nokia lumia 920 android (Taiwan)" />
                </a>
                <div id="descript">
	
		
	
	
		
			
				Технические характеристики
		
		
			
				Экран
			
				5 дюйма 128...</div>
                        <div class="price">
                                                            6600.00 руб.                                                    </div>
        
                <div class="cart"><input type="button" value="Купить" onclick="addToCart('151');" class="button" /></div>
        
        
            </div>
        
                            <div class="price">
                                                                6600.00 руб.                                                </div>
                
        </div>
      
        <div class="stock">Есть в наличии</div>
                
        
        
                <div class="cart"><input type="button" value="Купить" onclick="addToCart('151');" class="button" /></div>
      </div>
          </div>
  </div>
</div>


 <h1 style="display: none;">Интернет-магазин радиоэлектроники</h1>

<div class="box">
  <div class="box-heading">Новые поступления</div>
  <div class="box-content">
    <div class="box-product">
            <div>
                        <div class="name"><a href="http://radiomarket.su/tovary/kitaiskie-telefony/htc/htc-m8.html">HTC M8</a></div>
        <div class="image">
            <img src="http://radiomarket.su/image/cache/data/i1N8FEL2Y-80x80.jpg" alt="HTC M8" />
            <div class="hov">
                                <a href="http://radiomarket.su/tovary/kitaiskie-telefony/htc/htc-m8.html">
                <span>HTC M8<br /></span>
                <img src="http://radiomarket.su/image/cache/data/i1N8FEL2Y-260x260.jpg"  alt="HTC M8" />
                </a>
                <div id="descript">
	
		
	
	
		
			
				Технические характеристики
		
		
			
				Экран
			
				5 дюйма 128...</div>
                        <div class="price">
                                                            9000.00 руб.                                                    </div>
        
                <div class="cart"><input type="button" value="Купить" onclick="addToCart('554');" class="button" /></div>
        
        
            </div>
        
                            <div class="price">
                                                                9000.00 руб.                                                </div>
                
        </div>
      
        <div class="stock">Есть в наличии</div>
                
        
        
                <div class="cart"><input type="button" value="Купить" onclick="addToCart('554');" class="button" /></div>
      </div>
            <div>
                        <div class="name"><a href="http://radiomarket.su/tovary/kitaiskie-telefony/lenovo/lenovo-s650.html">Lenovo S650</a></div>
        <div class="image">
            <img src="http://radiomarket.su/image/cache/data/650-80x80.jpg" alt="Lenovo S650" />
            <div class="hov">
                                <a href="http://radiomarket.su/tovary/kitaiskie-telefony/lenovo/lenovo-s650.html">
                <span>Lenovo S650<br /></span>
                <img src="http://radiomarket.su/image/cache/data/650-260x260.jpg"  alt="Lenovo S650" />
                </a>
                <div id="descript">
	
		
	
	
		
			
				Технические характеристики
		
		
			
				Экран
			
				4,7 дюйма 9...</div>
                        <div class="price">
                                                            7500.00 руб.                                                    </div>
        
                <div class="cart"><input type="button" value="Купить" onclick="addToCart('553');" class="button" /></div>
        
        
            </div>
        
                            <div class="price">
                                                                7500.00 руб.                                                </div>
                
        </div>
      
        <div class="stock">Есть в наличии</div>
                
        
        
                <div class="cart"><input type="button" value="Купить" onclick="addToCart('553');" class="button" /></div>
      </div>
            <div>
                        <div class="name"><a href="http://radiomarket.su/tovary/kitaiskie-telefony/lenovo/lenovo-s820.html">Lenovo S820</a></div>
        <div class="image">
            <img src="http://radiomarket.su/image/cache/data/lenovo_s820-80x80.jpg" alt="Lenovo S820" />
            <div class="hov">
                                <a href="http://radiomarket.su/tovary/kitaiskie-telefony/lenovo/lenovo-s820.html">
                <span>Lenovo S820<br /></span>
                <img src="http://radiomarket.su/image/cache/data/lenovo_s820-260x260.jpg"  alt="Lenovo S820" />
                </a>
                <div id="descript">
	
		
	
	
		
			
				Технические характеристики
		
		
			
				Экран
			
				4,7 дюйма 1...</div>
                        <div class="price">
                                                            7500.00 руб.                                                    </div>
        
                <div class="cart"><input type="button" value="Купить" onclick="addToCart('552');" class="button" /></div>
        
        
            </div>
        
                            <div class="price">
                                                                7500.00 руб.                                                </div>
                
        </div>
      
        <div class="stock">Есть в наличии</div>
                
        
        
                <div class="cart"><input type="button" value="Купить" onclick="addToCart('552');" class="button" /></div>
      </div>
            <div>
                        <div class="name"><a href="http://radiomarket.su/tovary/kitaiskie-telefony/asus/asus-zenfone-5.html">Asus zenfone 5</a></div>
        <div class="image">
            <img src="http://radiomarket.su/image/cache/data/ASUS-80x80.jpg" alt="Asus zenfone 5" />
            <div class="hov">
                                <a href="http://radiomarket.su/tovary/kitaiskie-telefony/asus/asus-zenfone-5.html">
                <span>Asus zenfone 5<br /></span>
                <img src="http://radiomarket.su/image/cache/data/ASUS-260x260.jpg"  alt="Asus zenfone 5" />
                </a>
                <div id="descript">
	
		
	
	
		
			
				Технические характеристики
		
		
			
				Экран
			
				5 дюймов 12...</div>
                        <div class="price">
                                                            9000.00 руб.                                                    </div>
        
                <div class="cart"><input type="button" value="Купить" onclick="addToCart('551');" class="button" /></div>
        
        
            </div>
        
                            <div class="price">
                                                                9000.00 руб.                                                </div>
                
        </div>
      
        <div class="stock">Есть в наличии</div>
                
        
        
                <div class="cart"><input type="button" value="Купить" onclick="addToCart('551');" class="button" /></div>
      </div>
            <div>
                        <div class="name"><a href="http://radiomarket.su/tovary/kitaiskie-telefony/huawei/huawei-p6.html">Huawei P6</a></div>
        <div class="image">
            <img src="http://radiomarket.su/image/cache/data/huawei-ascend-p6$9-80x80.jpg" alt="Huawei P6" />
            <div class="hov">
                                <a href="http://radiomarket.su/tovary/kitaiskie-telefony/huawei/huawei-p6.html">
                <span>Huawei P6<br /></span>
                <img src="http://radiomarket.su/image/cache/data/huawei-ascend-p6$9-260x260.jpg"  alt="Huawei P6" />
                </a>
                <div id="descript">
	
		
	
	
		
			
				Технические характеристики
		
		
			
				Экран
			
				4,7 дюйма 1...</div>
                        <div class="price">
                                                            8000.00 руб.                                                    </div>
        
                <div class="cart"><input type="button" value="Купить" onclick="addToCart('550');" class="button" /></div>
        
        
            </div>
        
                            <div class="price">
                                                                8000.00 руб.                                                </div>
                
        </div>
      
        <div class="stock">Есть в наличии</div>
                
        
        
                <div class="cart"><input type="button" value="Купить" onclick="addToCart('550');" class="button" /></div>
      </div>
            <div>
                        <div class="name"><a href="http://radiomarket.su/tovary/kitaiskie-telefony/samsung/samsung-galaxy-s5-2-yadra.html">Samsung Galaxy S5 (2 ядра)</a></div>
        <div class="image">
            <img src="http://radiomarket.su/image/cache/data/telefon taiwan/SamsungS5-80x80.jpg" alt="Samsung Galaxy S5 (2 ядра)" />
            <div class="hov">
                                <a href="http://radiomarket.su/tovary/kitaiskie-telefony/samsung/samsung-galaxy-s5-2-yadra.html">
                <span>Samsung Galaxy S5 (2 ядра)<br /></span>
                <img src="http://radiomarket.su/image/cache/data/telefon taiwan/SamsungS5-260x260.jpg"  alt="Samsung Galaxy S5 (2 ядра)" />
                </a>
                <div id="descript">
	Интернет-магазин RADIOMARKET.SU реализует электронику из Тайваня и Китая по выгодным ценам. Предс...</div>
                        <div class="price">
                                                            5000.00 руб.                                                    </div>
        
                <div class="cart"><input type="button" value="Купить" onclick="addToCart('549');" class="button" /></div>
        
        
            </div>
        
                            <div class="price">
                                                                5000.00 руб.                                                </div>
                
        </div>
      
        <div class="stock">Есть в наличии</div>
                
        
        
                <div class="cart"><input type="button" value="Купить" onclick="addToCart('549');" class="button" /></div>
      </div>
            <div>
                        <div class="name"><a href="http://radiomarket.su/tovary/kitaiskie-telefony/samsung/samsung-galaxy-s4-mini.html">Samsung Galaxy S4 mini</a></div>
        <div class="image">
            <img src="http://radiomarket.su/image/cache/data/telefon taiwan/Samsung-Galaxy-S4-mini-80x80.jpg" alt="Samsung Galaxy S4 mini" />
            <div class="hov">
                                <a href="http://radiomarket.su/tovary/kitaiskie-telefony/samsung/samsung-galaxy-s4-mini.html">
                <span>Samsung Galaxy S4 mini<br /></span>
                <img src="http://radiomarket.su/image/cache/data/telefon taiwan/Samsung-Galaxy-S4-mini-260x260.jpg"  alt="Samsung Galaxy S4 mini" />
                </a>
                <div id="descript">
	
		
			
				Технические характеристики
		
		
			
				Экран
			
				4 дюйма 854х480
		
...</div>
                        <div class="price">
                                                            3500.00 руб.                                                    </div>
        
                <div class="cart"><input type="button" value="Купить" onclick="addToCart('548');" class="button" /></div>
        
        
            </div>
        
                            <div class="price">
                                                                3500.00 руб.                                                </div>
                
        </div>
      
        <div class="stock">Есть в наличии</div>
                
        
        
                <div class="cart"><input type="button" value="Купить" onclick="addToCart('548');" class="button" /></div>
      </div>
            <div>
                        <div class="name"><a href="http://radiomarket.su/tovary/kitaiskie-telefony/samsung/samsung-tab-3.html">Samsung TAB 3</a></div>
        <div class="image">
            <img src="http://radiomarket.su/image/cache/data/telefon taiwan/Tab3-80x80.jpg" alt="Samsung TAB 3" />
            <div class="hov">
                                <a href="http://radiomarket.su/tovary/kitaiskie-telefony/samsung/samsung-tab-3.html">
                <span>Samsung TAB 3<br /></span>
                <img src="http://radiomarket.su/image/cache/data/telefon taiwan/Tab3-260x260.jpg"  alt="Samsung TAB 3" />
                </a>
                <div id="descript">
	
		
			
				Технические характеристики
		
		
			
				Экран
			
				8 дюймов 1280х800 HD...</div>
                        <div class="price">
                                                            9000.00 руб.                                                    </div>
        
                <div class="cart"><input type="button" value="Купить" onclick="addToCart('547');" class="button" /></div>
        
        
            </div>
        
                            <div class="price">
                                                                9000.00 руб.                                                </div>
                
        </div>
      
        <div class="stock">Есть в наличии</div>
                
        
        
                <div class="cart"><input type="button" value="Купить" onclick="addToCart('547');" class="button" /></div>
      </div>
            <div>
                        <div class="name"><a href="http://radiomarket.su/tovary/kitaiskie-telefony/samsung/samsung-galaxy-s5-4-yadra.html">Samsung Galaxy S5 (4 ядра)</a></div>
        <div class="image">
            <img src="http://radiomarket.su/image/cache/data/telefon taiwan/SamsungS5-80x80.jpg" alt="Samsung Galaxy S5 (4 ядра)" />
            <div class="hov">
                                <a href="http://radiomarket.su/tovary/kitaiskie-telefony/samsung/samsung-galaxy-s5-4-yadra.html">
                <span>Samsung Galaxy S5 (4 ядра)<br /></span>
                <img src="http://radiomarket.su/image/cache/data/telefon taiwan/SamsungS5-260x260.jpg"  alt="Samsung Galaxy S5 (4 ядра)" />
                </a>
                <div id="descript">
	Интернет-магазин RADIOMARKET.SU реализует электронику из Тайваня и Китая по выгодным ценам. Предс...</div>
                        <div class="price">
                                                            7000.00 руб.                                                    </div>
        
                <div class="cart"><input type="button" value="Купить" onclick="addToCart('546');" class="button" /></div>
        
        
            </div>
        
                            <div class="price">
                                                                7000.00 руб.                                                </div>
                
        </div>
      
        <div class="stock">Есть в наличии</div>
                
        
        
                <div class="cart"><input type="button" value="Купить" onclick="addToCart('546');" class="button" /></div>
      </div>
            <div>
                        <div class="name"><a href="http://radiomarket.su/tovary/kitaiskie-telefony/iphone/iphone-5s-4-yadra.html">iPhone 5s (4 ядра)</a></div>
        <div class="image">
            <img src="http://radiomarket.su/image/cache/data/2-80x80.gif" alt="iPhone 5s (4 ядра)" />
            <div class="hov">
                                <a href="http://radiomarket.su/tovary/kitaiskie-telefony/iphone/iphone-5s-4-yadra.html">
                <span>iPhone 5s (4 ядра)<br /></span>
                <img src="http://radiomarket.su/image/cache/data/2-260x260.gif"  alt="iPhone 5s (4 ядра)" />
                </a>
                <div id="descript">
	Три способа купить iPhone 5s (производство Тайвань)

	
		Звоните специалистам Radiomarket.su: ...</div>
                        <div class="price">
                                                            6500.00 руб.                                                    </div>
        
                <div class="cart"><input type="button" value="Купить" onclick="addToCart('545');" class="button" /></div>
        
        
            </div>
        
                            <div class="price">
                                                                6500.00 руб.                                                </div>
                
        </div>
      
        <div class="stock">Есть в наличии</div>
                
        
        
                <div class="cart"><input type="button" value="Купить" onclick="addToCart('545');" class="button" /></div>
      </div>
            <div>
                <div class="special"><img src="/image/special.png" /></div>        <div class="name"><a href="http://radiomarket.su/tovary/kitaiskie-telefony/samsung/samsung-galaxy-s5-close-to-the-original.html">Samsung Galaxy S5 (8 ядер)</a></div>
        <div class="image">
            <img src="http://radiomarket.su/image/cache/data/telefon taiwan/SamsungS5-80x80.jpg" alt="Samsung Galaxy S5 (8 ядер)" />
            <div class="hov">
                <div class="special"><img src="/image/special.png" /></div>                <a href="http://radiomarket.su/tovary/kitaiskie-telefony/samsung/samsung-galaxy-s5-close-to-the-original.html">
                <span>Samsung Galaxy S5 (8 ядер)<br /></span>
                <img src="http://radiomarket.su/image/cache/data/telefon taiwan/SamsungS5-260x260.jpg"  alt="Samsung Galaxy S5 (8 ядер)" />
                </a>
                <div id="descript">
	Интернет-магазин RADIOMARKET.SU реализует электронику из Тайваня и Китая по выгодным ценам. Предс...</div>
                        <div class="price">
                                                            <span class="price-new">9990.00 руб.</span>
                                                           </div>
        
                <div class="cart"><input type="button" value="Купить" onclick="addToCart('544');" class="button" /></div>
        
        
            </div>
        
                            <div class="price">
                                                                     <span class="price-new">9990.00 руб.</span><span class="price-old">11000.00 руб.</span>
                                                             </div>
                
        </div>
      
        <div class="stock">Есть в наличии</div>
                
        
        
                <div class="rating"><img src="catalog/view/theme/electronics/image/stars-4.png" alt="Отзывов: 2" /></div>
                <div class="cart"><input type="button" value="Купить" onclick="addToCart('544');" class="button" /></div>
      </div>
            <div>
                        <div class="name"><a href="http://radiomarket.su/tovary/kitaiskie-telefony/drugie-marki/gucci.html">Gucci </a></div>
        <div class="image">
            <img src="http://radiomarket.su/image/cache/data/telefon taiwan/Gucci-80x80.jpg" alt="Gucci " />
            <div class="hov">
                                <a href="http://radiomarket.su/tovary/kitaiskie-telefony/drugie-marki/gucci.html">
                <span>Gucci <br /></span>
                <img src="http://radiomarket.su/image/cache/data/telefon taiwan/Gucci-260x260.jpg"  alt="Gucci " />
                </a>
                <div id="descript">
	
		
	
	
		
			
				Технические характеристики
		
		
			
				Экран
			
				2,5 дюйма 3...</div>
                        <div class="price">
                                                            2500.00 руб.                                                    </div>
        
                <div class="cart"><input type="button" value="Купить" onclick="addToCart('543');" class="button" /></div>
        
        
            </div>
        
                            <div class="price">
                                                                2500.00 руб.                                                </div>
                
        </div>
      
        <div class="stock">Есть в наличии</div>
                
        
        
                <div class="cart"><input type="button" value="Купить" onclick="addToCart('543');" class="button" /></div>
      </div>
            <div>
                        <div class="name"><a href="http://radiomarket.su/tovary/kitaiskie-telefony/samsung/samsung-gt-9500.html">Samsung GT 9500</a></div>
        <div class="image">
            <img src="http://radiomarket.su/image/cache/data/telefon taiwan/Gt-80x80.jpg" alt="Samsung GT 9500" />
            <div class="hov">
                                <a href="http://radiomarket.su/tovary/kitaiskie-telefony/samsung/samsung-gt-9500.html">
                <span>Samsung GT 9500<br /></span>
                <img src="http://radiomarket.su/image/cache/data/telefon taiwan/Gt-260x260.jpg"  alt="Samsung GT 9500" />
                </a>
                <div id="descript">
	
		
	
	
		
			
				Технические характеристики
		
		
			
				Экран
			
				5 дюймов 85...</div>
                        <div class="price">
                                                            3500.00 руб.                                                    </div>
        
                <div class="cart"><input type="button" value="Купить" onclick="addToCart('542');" class="button" /></div>
        
        
            </div>
        
                            <div class="price">
                                                                3500.00 руб.                                                </div>
                
        </div>
      
        <div class="stock">Есть в наличии</div>
                
        
        
                <div class="cart"><input type="button" value="Купить" onclick="addToCart('542');" class="button" /></div>
      </div>
            <div>
                        <div class="name"><a href="http://radiomarket.su/tovary/kitaiskie-telefony/nokia/nokia-c7-01.html">Nokia C7-01</a></div>
        <div class="image">
            <img src="http://radiomarket.su/image/cache/data/telefon taiwan/c7-80x80.jpg" alt="Nokia C7-01" />
            <div class="hov">
                                <a href="http://radiomarket.su/tovary/kitaiskie-telefony/nokia/nokia-c7-01.html">
                <span>Nokia C7-01<br /></span>
                <img src="http://radiomarket.su/image/cache/data/telefon taiwan/c7-260x260.jpg"  alt="Nokia C7-01" />
                </a>
                <div id="descript">
	
		
	
	
		
			
				Технические характеристики
		
		
			
				Экран
			
				2,5 дюйма 3...</div>
                        <div class="price">
                                                            1500.00 руб.                                                    </div>
        
                <div class="cart"><input type="button" value="Купить" onclick="addToCart('541');" class="button" /></div>
        
        
            </div>
        
                            <div class="price">
                                                                1500.00 руб.                                                </div>
                
        </div>
      
        <div class="stock">Есть в наличии</div>
                
        
        
                <div class="cart"><input type="button" value="Купить" onclick="addToCart('541');" class="button" /></div>
      </div>
            <div>
                        <div class="name"><a href="http://radiomarket.su/tovary/kitaiskie-telefony/samsung/samsung-s1.html">Samsung S1</a></div>
        <div class="image">
            <img src="http://radiomarket.su/image/cache/data/telefon taiwan/S1-80x80.jpg" alt="Samsung S1" />
            <div class="hov">
                                <a href="http://radiomarket.su/tovary/kitaiskie-telefony/samsung/samsung-s1.html">
                <span>Samsung S1<br /></span>
                <img src="http://radiomarket.su/image/cache/data/telefon taiwan/S1-260x260.jpg"  alt="Samsung S1" />
                </a>
                <div id="descript">
	
		
	
	
		
			
				Технические характеристики
		
		
			
				Экран
			
				2,5 дюйма 3...</div>
                        <div class="price">
                                                            1500.00 руб.                                                    </div>
        
                <div class="cart"><input type="button" value="Купить" onclick="addToCart('540');" class="button" /></div>
        
        
            </div>
        
                            <div class="price">
                                                                1500.00 руб.                                                </div>
                
        </div>
      
        <div class="stock">Есть в наличии</div>
                
        
        
                <div class="cart"><input type="button" value="Купить" onclick="addToCart('540');" class="button" /></div>
      </div>
            <div>
                        <div class="name"><a href="http://radiomarket.su/tovary/kitaiskie-telefony/drugie-marki/minitelefon-bentley.html">Минителефон Bentley</a></div>
        <div class="image">
            <img src="http://radiomarket.su/image/cache/data/telefon taiwan/img_16351-80x80.jpg" alt="Минителефон Bentley" />
            <div class="hov">
                                <a href="http://radiomarket.su/tovary/kitaiskie-telefony/drugie-marki/minitelefon-bentley.html">
                <span>Минителефон Bentley<br /></span>
                <img src="http://radiomarket.su/image/cache/data/telefon taiwan/img_16351-260x260.jpg"  alt="Минителефон Bentley" />
                </a>
                <div id="descript">
	
		
	
	
		
			
				Технические характеристики
		
		
			
				Экран
			
				1,8 дюйа 32...</div>
                        <div class="price">
                                                            2500.00 руб.                                                    </div>
        
                <div class="cart"><input type="button" value="Купить" onclick="addToCart('539');" class="button" /></div>
        
        
            </div>
        
                            <div class="price">
                                                                2500.00 руб.                                                </div>
                
        </div>
      
        <div class="stock">Есть в наличии</div>
                
        
        
                <div class="cart"><input type="button" value="Купить" onclick="addToCart('539');" class="button" /></div>
      </div>
            <div>
                        <div class="name"><a href="http://radiomarket.su/tovary/kitaiskie-telefony/drugie-marki/minitelefon-porsche-raskladushka.html">Минителефон Porsche раскладушка</a></div>
        <div class="image">
            <img src="http://radiomarket.su/image/cache/data/telefon taiwan/bmw_mini2-80x80.jpg" alt="Минителефон Porsche раскладушка" />
            <div class="hov">
                                <a href="http://radiomarket.su/tovary/kitaiskie-telefony/drugie-marki/minitelefon-porsche-raskladushka.html">
                <span>Минителефон Porsche раскладушка<br /></span>
                <img src="http://radiomarket.su/image/cache/data/telefon taiwan/bmw_mini2-260x260.jpg"  alt="Минителефон Porsche раскладушка" />
                </a>
                <div id="descript">
	
		
	
	
		
			
				Технические характеристики
		
		
			
				Экран
			
				1,8 дюйма 3...</div>
                        <div class="price">
                                                            2500.00 руб.                                                    </div>
        
                <div class="cart"><input type="button" value="Купить" onclick="addToCart('538');" class="button" /></div>
        
        
            </div>
        
                            <div class="price">
                                                                2500.00 руб.                                                </div>
                
        </div>
      
        <div class="stock">Есть в наличии</div>
                
        
        
                <div class="cart"><input type="button" value="Купить" onclick="addToCart('538');" class="button" /></div>
      </div>
            <div>
                        <div class="name"><a href="http://radiomarket.su/tovary/kitaiskie-telefony/samsung/samsung-note-3-ekran-6-2sim.html">Samsung Note 3  (2sim)</a></div>
        <div class="image">
            <img src="http://radiomarket.su/image/cache/data/telefon taiwan/n3-80x80.jpg" alt="Samsung Note 3  (2sim)" />
            <div class="hov">
                                <a href="http://radiomarket.su/tovary/kitaiskie-telefony/samsung/samsung-note-3-ekran-6-2sim.html">
                <span>Samsung Note 3  (2sim)<br /></span>
                <img src="http://radiomarket.su/image/cache/data/telefon taiwan/n3-260x260.jpg"  alt="Samsung Note 3  (2sim)" />
                </a>
                <div id="descript">
	
		
	
	
		
			
				Технические характеристики
		
		
			
				Экран
			
				6 дюйма 128...</div>
                        <div class="price">
                                                            7500.00 руб.                                                    </div>
        
                <div class="cart"><input type="button" value="Купить" onclick="addToCart('537');" class="button" /></div>
        
        
            </div>
        
                            <div class="price">
                                                                7500.00 руб.                                                </div>
                
        </div>
      
        <div class="stock">Есть в наличии</div>
                
        
        
                <div class="cart"><input type="button" value="Купить" onclick="addToCart('537');" class="button" /></div>
      </div>
            <div>
                        <div class="name"><a href="http://radiomarket.su/tovary/kitaiskie-telefony/samsung/samsung-galaxy-mega-i9200-1sim-taiwan.html">Samsung Galaxy Mega i9200 1sim  (Taiwan)</a></div>
        <div class="image">
            <img src="http://radiomarket.su/image/cache/data/telefon taiwan/617174693-80x80.jpg" alt="Samsung Galaxy Mega i9200 1sim  (Taiwan)" />
            <div class="hov">
                                <a href="http://radiomarket.su/tovary/kitaiskie-telefony/samsung/samsung-galaxy-mega-i9200-1sim-taiwan.html">
                <span>Samsung Galaxy Mega i9200 1sim  (Taiwan)<br /></span>
                <img src="http://radiomarket.su/image/cache/data/telefon taiwan/617174693-260x260.jpg"  alt="Samsung Galaxy Mega i9200 1sim  (Taiwan)" />
                </a>
                <div id="descript">
	
		
	
	
		
			
				Технические характеристики
		
		
			
				Экран
			
				6,3 дюйма 1...</div>
                        <div class="price">
                                                            7500.00 руб.                                                    </div>
        
                <div class="cart"><input type="button" value="Купить" onclick="addToCart('536');" class="button" /></div>
        
        
            </div>
        
                            <div class="price">
                                                                7500.00 руб.                                                </div>
                
        </div>
      
        <div class="stock">Есть в наличии</div>
                
        
        
                <div class="cart"><input type="button" value="Купить" onclick="addToCart('536');" class="button" /></div>
      </div>
            <div>
                        <div class="name"><a href="http://radiomarket.su/tovary/kitaiskie-telefony/china-mobile/star-a75.html">Star A75</a></div>
        <div class="image">
            <img src="http://radiomarket.su/image/cache/data/telefon taiwan/large_dapeng-a75-80x80.jpg" alt="Star A75" />
            <div class="hov">
                                <a href="http://radiomarket.su/tovary/kitaiskie-telefony/china-mobile/star-a75.html">
                <span>Star A75<br /></span>
                <img src="http://radiomarket.su/image/cache/data/telefon taiwan/large_dapeng-a75-260x260.jpg"  alt="Star A75" />
                </a>
                <div id="descript">
	
		
	
	
		
			
				Технические характеристики
		
		
			
				Экран
			
				5 дюймов 80...</div>
                        <div class="price">
                                                            4900.00 руб.                                                    </div>
        
                <div class="cart"><input type="button" value="Купить" onclick="addToCart('535');" class="button" /></div>
        
        
            </div>
        
                            <div class="price">
                                                                4900.00 руб.                                                </div>
                
        </div>
      
        <div class="stock">Есть в наличии</div>
                
        
        
                <div class="cart"><input type="button" value="Купить" onclick="addToCart('535');" class="button" /></div>
      </div>
          </div>
  </div>
</div>


 </div>
<div id="footer">
    <div class="column">
    <div class="h3">Информация</div>
    <ul>
      <li><a href="/download/price_ru0.xlsx">Прайс лист (XLS)</a></li>
            <li><a href="http://radiomarket.su/index.php?route=information/information&amp;information_id=12">Android</a></li>
            <li><a href="http://radiomarket.su/index.php?route=information/information&amp;information_id=10">Гарантия</a></li>
          </ul>
  </div>
    <div class="column">
    <div class="h3">Служба поддержки</div>
    <ul>
      <li><a href="http://radiomarket.su/index.php?route=information/contact">Контакты</a></li>
      <li><a href="http://radiomarket.su/index.php?route=information/sitemap">Карта сайта</a></li>
    </ul>
  </div>
  <div class="column">
    <div class="h3">Дополнительно</div>
    <ul>
      <li><a href="http://radiomarket.su/index.php?route=product/special">Акции</a></li>
    </ul>
  </div>
  <div class="column">
    <div class="h3">Личный Кабинет</div>
    <ul>
      <li><a href="http://radiomarket.su/index.php?route=account/account">Личный Кабинет</a></li>
      <li><a href="http://radiomarket.su/index.php?route=account/order">История заказов</a></li>
      <li><a href="http://radiomarket.su/index.php?route=account/wishlist">Закладки</a></li>
      </ul>
  </div>
</div>

<div style="text-align:center;">
<!-- Rating@Mail.ru counter -->
<script type="text/javascript">//<![CDATA[
var _tmr = _tmr || [];
_tmr.push({id: "2469419", type: "pageView", start: (new Date()).getTime()});
(function (d, w) {
   var ts = d.createElement("script"); ts.type = "text/javascript"; ts.async = true;
   ts.src = (d.location.protocol == "https:" ? "https:" : "http:") + "//top-fwz1.mail.ru/js/code.js";
   var f = function () {var s = d.getElementsByTagName("script")[0]; s.parentNode.insertBefore(ts, s);};
   if (w.opera == "[object Opera]") { d.addEventListener("DOMContentLoaded", f, false); } else { f(); }
})(document, window);
//]]></script><noscript><div style="position:absolute;left:-10000px;">
<img src="//top-fwz1.mail.ru/counter?id=2469419;js=na" style="border:0;" height="1" width="1" alt="Рейтинг@Mail.ru" />
</div></noscript>
<!-- //Rating@Mail.ru counter -->
<!-- Rating@Mail.ru logo -->
<a href="http://top.mail.ru/jump?from=2469419">
<img src="//top-fwz1.mail.ru/counter?id=2469419;t=295;l=1" 
style="border:0;" height="31" width="38" alt="Рейтинг@Mail.ru" /></a>
<!-- //Rating@Mail.ru logo --><br>
© 2014  RADIOMARKET.SU    8(863)270-29-30

</div>
</body></html>
